0000000000000000 a __start__
0000000000000000 T _start
0000000000000000 b _TLS_MODULE_BASE_
0000000000000000 0000000000000008 b stbi__g_failure_reason
0000000000000008 0000000000000004 b stbi__vertically_flip_on_load_local
000000000000000c 0000000000000004 b stbi__vertically_flip_on_load_set
0000000000000010 0000000000000004 b stbi__de_iphone_flag_set
0000000000000014 0000000000000004 b stbi__de_iphone_flag_local
0000000000000018 0000000000000004 b stbi__unpremultiply_on_load_set
000000000000001c 0000000000000004 b stbi__unpremultiply_on_load_local
0000000000000020 0000000000000004 b g_fsPriority
0000000000000024 0000000000000004 b fsdev_last_result
0000000000000028 0000000000000401 B __nx_dev_path_buf
00000000000000e0 T __nx_exit
00000000000000f0 T __nx_mod0
0000000000000140 0000000000000034 T exit
0000000000000180 00000000000031a8 T main
0000000000003340 t __do_global_dtors_aux
00000000000033a0 t frame_dummy
00000000000033d0 0000000000000010 t stbi__stdio_eof
00000000000033e0 000000000000007c t stbi__mad3sizes_valid
0000000000003460 0000000000000074 t stbi__refill_buffer
00000000000034e0 00000000000003ec t stbi__idct_block
00000000000038d0 0000000000000008 t resample_row_1
00000000000038e0 000000000000003c t stbi__resample_row_v_2
0000000000003920 00000000000000a0 t stbi__resample_row_hv_2
00000000000039c0 0000000000000070 t stbi__resample_row_generic
0000000000003a30 00000000000000e4 t stbi__YCbCr_to_RGB_row
0000000000003b20 0000000000000048 t stbi__bitreverse16
0000000000003b70 0000000000000054 t stbi__fill_bits
0000000000003bd0 0000000000000128 t stbi__zhuffman_decode
0000000000003d00 000000000000006c t stbi__high_bit
0000000000003d70 0000000000000118 t stbi__out_gif_code
0000000000003e90 0000000000000254 t add_map_edge_no_cross
00000000000040f0 0000000000000040 t init_player_deck
0000000000004130 0000000000000040 t free_enemy_sprite_pool
0000000000004170 0000000000000048 t stbi__stdio_skip
00000000000041c0 0000000000000024 t stbi__stdio_read
00000000000041f0 00000000000001dc t stbi__build_huffman
00000000000043d0 00000000000000b4 t stbi__zexpand
0000000000004490 00000000000000d4 t stbi__getn
0000000000004570 0000000000000108 t stbi__vertical_flip
0000000000004680 0000000000000c44 t stbi__convert_format16
00000000000052d0 0000000000000118 t stbi__hdr_convert
00000000000053f0 0000000000000150 t draw_new_hand
0000000000005540 0000000000000200 t random_card_from_pool
0000000000005740 0000000000000050 t draw_rewards
0000000000005790 0000000000000118 t draw_hand_from_piles
00000000000058b0 00000000000000e0 t stbi__resample_row_h_2
0000000000005990 0000000000000090 t next_alive_enemy_from
0000000000005a20 00000000000000ac t stbi__create_png_alpha_expand8
0000000000005ad0 0000000000000078 t stbi__shiftsigned
0000000000005b50 00000000000000b0 t choose_battle_background_for_act
0000000000005c00 0000000000000130 t update_best_stats.part.0
0000000000005d30 000000000000034c t set_enemy_next_intent.part.0.constprop.0
0000000000006080 0000000000000108 t get_available_nodes_sorted.constprop.0
0000000000006190 000000000000007c t stbi__free_jpeg_components.constprop.0
0000000000006210 000000000000008c t stbi__mad4sizes_valid.constprop.0
00000000000062a0 00000000000000f8 t setup_shop
00000000000063a0 0000000000000208 t stbi__zbuild_huffman
00000000000065b0 000000000000004c t stbi__malloc_mad2
0000000000006600 0000000000000780 t generate_map.isra.0
0000000000006d80 0000000000000088 t advance_room
0000000000006e10 0000000000000074 t fill_rect
0000000000006e90 0000000000000478 t draw_char
0000000000007310 000000000000011c t draw_thick_rect
0000000000007430 000000000000008c t fill_circle
00000000000074c0 0000000000000150 t draw_image_fit.part.0
0000000000007610 000000000000012c t stbi__pnm_getinteger
0000000000007740 00000000000001c0 t stbi__pnm_skip_whitespace
0000000000007900 0000000000000168 t stbi__gif_parse_colortable
0000000000007a70 00000000000002ec t stbi__compute_huffman_codes
0000000000007d60 0000000000000628 t stbi__parse_zlib
0000000000008390 0000000000000064 t stbi__malloc_mad3
0000000000008400 0000000000000c38 t stbi__convert_format
0000000000009040 0000000000000904 t stbi__create_png_image_raw
0000000000009950 0000000000000154 t stbi__hdr_test
0000000000009ab0 0000000000000054 t stbi__skip
0000000000009b10 00000000000000fc t draw_status_line.part.0
0000000000009c10 00000000000000c0 t draw_centered_text
0000000000009cd0 00000000000000b0 t stbi__get16be
0000000000009d80 00000000000000ac t stbi__get16le
0000000000009e30 000000000000019c t draw_image_cover
0000000000009fd0 0000000000000148 t stbi__get32le
000000000000a120 000000000000015c t stbi__get32be
000000000000a280 00000000000003cc t draw_card.part.0
000000000000a650 00000000000002a8 t draw_reward_screen
000000000000a900 0000000000000220 t draw_upgrade_screen
000000000000ab20 0000000000000250 t draw_death_screen
000000000000ad70 0000000000000188 t stbi__hdr_gettoken
000000000000af00 00000000000000f0 t stbi__get_marker
000000000000aff0 0000000000000418 t draw_shop_screen
000000000000b410 0000000000000114 t stbi__grow_buffer_unsafe
000000000000b530 0000000000000094 t stbi__extend_receive
000000000000b5d0 0000000000000168 t stbi__jpeg_huff_decode
000000000000b740 00000000000002b4 t stbi__jpeg_decode_block
000000000000ba00 0000000000000240 t stbi__jpeg_decode_block_prog_dc
000000000000bc40 0000000000000204 t draw_card_list_panel.constprop.0
000000000000be50 0000000000000d3c t draw_combat_screen
000000000000cb90 0000000000000678 t draw_map_screen
000000000000d210 0000000000000210 t stbi__pnm_info
000000000000d420 000000000000040c t stbi__bmp_parse_header.constprop.0
000000000000d830 0000000000000e6c t stbi__bmp_load.isra.0
000000000000e6a0 0000000000000198 t stbi__gif_test_raw
000000000000e840 00000000000006c4 t stbi__hdr_load.isra.0
000000000000ef10 0000000000000438 t stbi__gif_header
000000000000f350 00000000000009d0 t stbi__gif_load_next.isra.0
000000000000fd20 00000000000000d0 t stbi__gif_load.isra.0
000000000000fdf0 0000000000000830 t stbi__process_marker
0000000000010620 000000000000087c t stbi__decode_jpeg_header
0000000000010ea0 0000000000001448 t stbi__decode_jpeg_image
00000000000122f0 00000000000000a8 T stbi_zlib_decode_malloc_guesssize_headerflag
00000000000123a0 0000000000001348 t stbi__parse_png_file
00000000000136f0 0000000000003034 t stbi__load_main
0000000000016730 000000000000017c t stbi__load_and_postprocess_8bit
00000000000168b0 00000000000000e8 T stbi_load_from_file
00000000000169a0 000000000000008c T stbi_load
0000000000016a30 0000000000000110 t load_enemy_sprite_pool
0000000000016b40 00000000000001bc t load_backgrounds
0000000000016d00 0000000000000018 t _appletInfiniteSleepLoop
0000000000016d20 0000000000000108 t _appletCmdGetSession
0000000000016e30 00000000000000cc t _appletCmdInU8NoOut
0000000000016f00 00000000000000cc t _appletCmdInU32NoOut
0000000000016fd0 000000000000012c t _appletGetSessionProxy.constprop.0
0000000000017100 0000000000000148 t _appletOpenLibraryAppletProxy.constprop.0
0000000000017250 00000000000000f8 t _appletCmdGetEvent
0000000000017350 00000000000000d4 t _appletCmdNoInOutU8.isra.0
0000000000017430 00000000000000d4 t _appletCmdNoInOutU32.isra.0
0000000000017510 00000000000000d4 t _appletCmdNoInOutU64.isra.0
00000000000175f0 00000000000000c0 t _appletCmdNoIO.isra.0
00000000000176b0 0000000000000010 T appletGetAppletType
00000000000176c0 00000000000001b8 T appletSetFocusHandlingMode
0000000000017880 000000000000005c T appletSetCpuBoostMode
00000000000178e0 000000000000002c T appletCreateManagedDisplayLayer
0000000000017910 000000000000000c T appletGetAppletResourceUserId
0000000000017920 0000000000000138 t _appletHolderCreateState
0000000000017a60 00000000000000b0 T appletHolderClose
0000000000017b10 0000000000000024 T appletHolderGetLibraryAppletInfo
0000000000017b40 0000000000000090 T appletNotifyRunning
0000000000017bd0 0000000000000078 T appletSetGamePlayRecordingState
0000000000017c50 0000000000000ad4 t _appletCleanup
0000000000018730 0000000000000048 T appletExit
0000000000018780 0000000000000040 T appletGetLibraryAppletInfo
00000000000187c0 0000000000000c14 T appletInitialize
00000000000193e0 0000000000000024 t _appletExitProcess
0000000000019410 0000000000000074 T appletGetMessage
0000000000019490 0000000000000264 T appletProcessMessage
0000000000019700 0000000000000034 T appletMainLoop
0000000000019740 000000000000012c t _hidCleanup
0000000000019870 00000000000000d4 t _hidCmdInAruidNoOut
0000000000019950 00000000000000e0 t _hidCmdInU32AruidNoOut
0000000000019a30 0000000000000194 t _hidGetStates
0000000000019bd0 000000000000026c T hidInitialize
0000000000019e40 0000000000000048 T hidExit
0000000000019e90 000000000000000c T hidGetSharedmemAddr
0000000000019ea0 0000000000000090 T hidGetNpadStyleSet
0000000000019f30 0000000000000088 T hidGetTouchScreenStates
0000000000019fc0 0000000000000084 T hidInitializeNpad
000000000001a050 00000000000000a4 T hidGetNpadStatesFullKey
000000000001a100 00000000000000a4 T hidGetNpadStatesHandheld
000000000001a1b0 00000000000000a4 T hidGetNpadStatesJoyDual
000000000001a260 00000000000000a4 T hidGetNpadStatesJoyLeft
000000000001a310 00000000000000a4 T hidGetNpadStatesJoyRight
000000000001a3c0 0000000000000144 T hidGetNpadStatesGc
000000000001a510 00000000000000a8 T hidGetNpadStatesSystemExt
000000000001a5c0 0000000000000008 T hidSetSupportedNpadStyleSet
000000000001a5d0 0000000000000100 T hidSetSupportedNpadIdType
000000000001a6d0 00000000000000cc t _smCmifCmdInPid
000000000001a7a0 0000000000000078 t _smCleanup
000000000001a820 0000000000000048 T smAddOverrideHandle
000000000001a870 0000000000000054 T smGetServiceOverride
000000000001a8d0 00000000000001ac T smInitialize
000000000001aa80 0000000000000048 T smExit
000000000001aad0 00000000000000d0 T smGetServiceOriginal
000000000001aba0 0000000000000120 T smGetServiceWrapper
000000000001acc0 000000000000000c T nwindowGetDefault
000000000001acd0 00000000000000a4 T __nx_win_init
000000000001ad80 0000000000000034 T __nx_win_exit
000000000001adc0 000000000000008c T framebufferMakeLinear
000000000001ae50 0000000000000084 T framebufferClose
000000000001aee0 0000000000000290 T framebufferCreate
000000000001b170 000000000000007c T framebufferBegin
000000000001b1f0 0000000000000198 T framebufferEnd
000000000001b390 0000000000000024 T nwindowIsValid
000000000001b3c0 000000000000007c T nwindowClose
000000000001b440 00000000000000f8 T nwindowCreate
000000000001b540 0000000000000038 T nwindowCreateFromLayer
000000000001b580 0000000000000084 T nwindowSetDimensions
000000000001b610 0000000000000180 T nwindowConfigureBuffer
000000000001b790 00000000000001cc T nwindowDequeueBuffer
000000000001b960 000000000000012c T nwindowQueueBuffer
000000000001ba90 00000000000000bc T nwindowReleaseBuffers
000000000001bb50 0000000000000004 W __libnx_alloc
000000000001bb60 0000000000000014 W __libnx_aligned_alloc
000000000001bb80 0000000000000004 W __libnx_free
000000000001bb90 000000000000001c W diagAbortWithResult
000000000001bbb0 0000000000000208 T envSetup
000000000001bdc0 0000000000000020 T envGetMainThreadHandle
000000000001bde0 000000000000000c T envIsNso
000000000001bdf0 0000000000000014 T envHasHeapOverride
000000000001be10 000000000000000c T envGetHeapOverrideAddr
000000000001be20 000000000000000c T envGetHeapOverrideSize
000000000001be30 0000000000000014 T envHasArgv
000000000001be50 000000000000000c T envGetArgv
000000000001be60 000000000000000c T envGetExitFuncPtr
000000000001be70 000000000000000c T envSetExitFuncPtr
000000000001be80 000000000000000c T envHasRandomSeed
000000000001be90 0000000000000010 T envGetRandomSeed
000000000001bea0 0000000000000014 T hosversionGet
000000000001bec0 0000000000000010 T hosversionSet
000000000001bed0 000000000000009c T padConfigureInput
000000000001bf70 0000000000000024 T padInitializeWithMask
000000000001bfa0 000000000000029c T padUpdate
000000000001c240 0000000000000008 t romfs_close
000000000001c250 0000000000000088 t romfs_seek
000000000001c2e0 000000000000001c t romfs_dirreset
000000000001c300 0000000000000100 t fillDir
000000000001c400 00000000000002b0 t romfs_dirnext
000000000001c6b0 0000000000000150 t searchForDir
000000000001c800 0000000000000150 t searchForFile
000000000001c950 0000000000000150 t _romfs_read_safe
000000000001caa0 00000000000000b8 t _romfs_read
000000000001cb60 0000000000000080 t romfs_read
000000000001cbe0 00000000000000b4 t romfs_free
000000000001cca0 00000000000001f4 t navigateToDir.constprop.0
000000000001cea0 0000000000000108 t romfs_open
000000000001cfb0 00000000000001a0 t romfs_stat
000000000001d150 0000000000000054 t romfs_chdir
000000000001d1b0 0000000000000084 t romfs_diropen
000000000001d240 0000000000000008 t romfs_dirclose
000000000001d250 0000000000000188 t romfsFindMount
000000000001d3e0 0000000000000070 t romfs_fstat
000000000001d450 00000000000001b0 t romfsMountCommon
000000000001d600 0000000000000068 T romfsMountFromFile
000000000001d670 000000000000006c T romfsMountFromStorage
000000000001d6e0 0000000000000038 T romfsMountFromCurrentProcess
000000000001d720 0000000000000188 T romfsMountSelf
000000000001d8b0 00000000000000a8 T romfsUnmount
000000000001d958 T armDCacheFlush
000000000001d988 t armDCacheFlush_L0
000000000001d9a4 T svcSetHeapSize
000000000001d9b8 T svcSetMemoryPermission
000000000001d9c0 T svcSetMemoryAttribute
000000000001d9c8 T svcUnmapMemory
000000000001d9d0 T svcQueryMemory
000000000001d9e4 T svcExitProcess
000000000001d9ec T svcSleepThread
000000000001d9f4 T svcMapSharedMemory
000000000001d9fc T svcUnmapSharedMemory
000000000001da04 T svcCreateTransferMemory
000000000001da18 T svcCloseHandle
000000000001da20 T svcResetSignal
000000000001da28 T svcWaitSynchronization
000000000001da3c T svcArbitrateLock
000000000001da44 T svcArbitrateUnlock
000000000001da4c T svcWaitProcessWideKeyAtomic
000000000001da54 T svcSignalProcessWideKey
000000000001da5c T svcGetSystemTick
000000000001da64 T svcConnectToNamedPort
000000000001da78 T svcSendSyncRequest
000000000001da80 T svcBreak
000000000001da88 T svcReturnFromException
000000000001da90 T svcGetInfo
000000000001daa4 T svcUnmapTransferMemory
000000000001daac T __aarch64_read_tp
000000000001dac0 000000000000000c T eventLoadRemote
000000000001dad0 0000000000000034 T eventWait
000000000001db10 0000000000000054 T eventClose
000000000001db70 00000000000000c8 T mutexLock
000000000001dc40 0000000000000068 T mutexUnlock
000000000001dcb0 000000000000001c T mutexIsLockedByCurrentThread
000000000001dcd0 0000000000000050 T rmutexLock
000000000001dd20 0000000000000018 T rmutexUnlock
000000000001dd40 0000000000000014 T shmemLoadRemote
000000000001dd60 0000000000000070 T shmemMap
000000000001ddd0 0000000000000034 T shmemUnmap
000000000001de10 000000000000004c T shmemClose
000000000001de60 00000000000000a8 T tmemCreate
000000000001df10 0000000000000034 T tmemUnmap
000000000001df50 0000000000000030 T tmemCloseHandle
000000000001df80 000000000000009c T tmemWaitForPermission
000000000001e020 0000000000000050 T tmemClose
000000000001e070 0000000000000064 t _memregionInitWithInfo
000000000001e0e0 0000000000000004 W __libnx_virtmem_rng
000000000001e0f0 0000000000000164 t _memregionFindRandom
000000000001e260 0000000000000140 T virtmemSetup
000000000001e3a0 000000000000000c T virtmemLock
000000000001e3b0 000000000000000c T virtmemUnlock
000000000001e3c0 0000000000000050 T virtmemFindAslr
000000000001e410 000000000000057c T waitObjects
000000000001e990 00000000000000d4 t _apmCleanup
000000000001ea70 0000000000000194 T apmInitialize
000000000001ec10 0000000000000048 T apmExit
000000000001ec60 00000000000000c8 T apmSetPerformanceConfiguration
000000000001ed30 00000000000000b4 t _fsCleanup
000000000001edf0 00000000000001c0 t _fsCmdNoIO
000000000001efb0 00000000000001e0 t _fsFsCmdWithInPath
000000000001f190 00000000000001f8 t _fsFsCmdWithTwoInPaths
000000000001f390 000000000000028c t _fsFsOpenCommon
000000000001f620 00000000000001fc t _fsFsCmdWithInPathAndOutU64
000000000001f820 00000000000000f8 t _fsObjectClose
000000000001f920 000000000000017c t _fsCmdGetSession.constprop.0
000000000001faa0 00000000000002f8 T fsInitialize
000000000001fda0 0000000000000048 T fsExit
000000000001fdf0 0000000000000008 T fsOpenSdCardFileSystem
000000000001fe00 0000000000000008 T fsOpenDataStorageByCurrentProcess
000000000001fe10 00000000000001ec T fsFsCreateFile
0000000000020000 0000000000000008 T fsFsDeleteFile
0000000000020010 0000000000000008 T fsFsCreateDirectory
0000000000020020 0000000000000008 T fsFsDeleteDirectory
0000000000020030 0000000000000008 T fsFsRenameFile
0000000000020040 0000000000000008 T fsFsRenameDirectory
0000000000020050 00000000000001f0 T fsFsGetEntryType
0000000000020240 0000000000000008 T fsFsOpenFile
0000000000020250 0000000000000008 T fsFsOpenDirectory
0000000000020260 0000000000000008 T fsFsGetFreeSpace
0000000000020270 0000000000000008 T fsFsGetTotalSpace
0000000000020280 0000000000000230 T fsFsGetFileTimeStampRaw
00000000000204b0 0000000000000004 T fsFsClose
00000000000204c0 0000000000000214 T fsFileRead
00000000000206e0 00000000000001f8 T fsFileWrite
00000000000208e0 0000000000000008 T fsFileFlush
00000000000208f0 00000000000001c0 T fsFileSetSize
00000000000208f0 00000000000001c0 t fsFileSetSize.localalias
0000000000020ab0 00000000000001d4 T fsFileGetSize
0000000000020ab0 00000000000001d4 t fsFileGetSize.localalias
0000000000020c90 0000000000000004 T fsFileClose
0000000000020ca0 0000000000000004 T fsDirClose
0000000000020cb0 0000000000000204 T fsDirRead
0000000000020ec0 00000000000001e8 T fsStorageRead
00000000000210b0 0000000000000004 T fsStorageClose
00000000000210c0 00000000000000d0 t _nvCleanup
0000000000021190 00000000000000d4 t _nvCmdInitialize.constprop.0
0000000000021270 0000000000000018 W __nx_nv_create_tmem
0000000000021290 00000000000003a8 T nvInitialize
0000000000021640 0000000000000048 T nvExit
0000000000021690 00000000000000f4 T nvConvertError
0000000000021790 0000000000000114 T nvOpen
00000000000218b0 0000000000000310 T nvIoctl
0000000000021bc0 00000000000000d4 T nvClose
0000000000021ca0 000000000000010c T nvQueryEvent
0000000000021db0 0000000000000230 t _viCleanup
0000000000021fe0 0000000000000100 t _viCmdGetSessionNoParams.constprop.0
00000000000220e0 0000000000000368 T viInitialize
0000000000022450 0000000000000048 T viExit
00000000000224a0 000000000000000c T viGetSession_IHOSBinderDriverRelay
00000000000224b0 000000000000010c T viOpenDisplay
00000000000225c0 00000000000000ec T viCloseDisplay
00000000000226b0 00000000000000f4 T viCloseLayer
00000000000227b0 0000000000000394 T viCreateLayer
0000000000022b50 00000000000000d8 T viSetLayerScalingMode
0000000000022c30 0000000000000074 t _nvFenceCleanup
0000000000022cb0 0000000000000098 T nvFenceInit
0000000000022d50 0000000000000048 T nvFenceExit
0000000000022da0 0000000000000290 T nvFenceWait
0000000000023030 000000000000007c T nvMultiFenceWait
00000000000230b0 00000000000000ac T nvMapInit
0000000000023160 0000000000000074 T nvMapExit
00000000000231e0 000000000000008c T nvMapClose
0000000000023270 0000000000000160 T nvMapCreate
00000000000233d0 0000000000000024 T nvioctlNvhostCtrl_EventSignal
0000000000023400 000000000000003c T nvioctlNvhostCtrl_EventWait
0000000000023440 0000000000000028 T nvioctlNvhostCtrl_EventWaitAsync
0000000000023470 0000000000000024 T nvioctlNvhostCtrl_EventRegister
00000000000234a0 0000000000000024 T nvioctlNvhostCtrl_EventUnregister
00000000000234d0 000000000000003c T nvioctlNvmap_Create
0000000000023510 0000000000000030 T nvioctlNvmap_Alloc
0000000000023540 0000000000000030 T nvioctlNvmap_Free
0000000000023570 000000000000003c T nvioctlNvmap_GetId
00000000000235b0 000000000000001c T binderCreate
00000000000235d0 000000000000035c T binderTransactParcel
0000000000023930 00000000000000e8 T binderConvertErrorCode
0000000000023a20 0000000000000124 T binderAdjustRefcount
0000000000023b50 000000000000009c T binderInitSession
0000000000023bf0 000000000000005c T binderClose
0000000000023c50 0000000000000154 T binderGetNativeHandle
0000000000023db0 00000000000000c8 T bqRequestBuffer
0000000000023e80 0000000000000128 T bqDequeueBuffer
0000000000023fb0 00000000000000c8 T bqQueueBuffer
0000000000024080 0000000000000084 T bqCancelBuffer
0000000000024110 00000000000000d0 T bqConnect
00000000000241e0 0000000000000088 T bqDisconnect
0000000000024270 0000000000000194 T bqSetPreallocatedBuffer
0000000000024410 0000000000000030 T parcelCreate
0000000000024440 0000000000000174 T parcelTransact
00000000000245c0 0000000000000080 T parcelWriteData
0000000000024640 0000000000000088 T parcelReadData
00000000000246d0 0000000000000020 T parcelWriteInt32
00000000000246f0 0000000000000020 T parcelWriteUInt32
0000000000024710 000000000000007c T parcelWriteString16
0000000000024790 0000000000000030 T parcelWriteInterfaceToken
00000000000247c0 0000000000000024 T parcelReadInt32
00000000000247f0 0000000000000068 T parcelReadFlattenedObject
0000000000024860 0000000000000044 T parcelWriteFlattenedObject
00000000000248b0 0000000000000314 W argvSetup
0000000000024bd0 00000000000001fc T __nx_dynamic
0000000000024dd0 00000000000000d0 W __libnx_initheap
0000000000024ea0 00000000000000ec W __appInit
0000000000024f90 0000000000000044 W __appExit
0000000000024fe0 000000000000002c W __libnx_init
0000000000025010 000000000000001c W __libnx_exit
0000000000025030 000000000000001c T __syscall_exit
0000000000025050 0000000000000034 T __syscall_getreent
0000000000025090 0000000000000004 T __syscall_lock_acquire
00000000000250a0 0000000000000004 T __syscall_lock_release
00000000000250b0 0000000000000004 T __syscall_lock_acquire_recursive
00000000000250c0 0000000000000004 T __syscall_lock_release_recursive
00000000000250d0 000000000000025c T __libnx_init_time
0000000000025330 0000000000000088 T __syscall_gettod_r
00000000000253c0 0000000000000098 T newlibSetup
0000000000025460 00000000000000e8 T nxlinkSetup
0000000000025550 0000000000000010 t fsdev_link
0000000000025560 0000000000000010 t fsdev_dirreset
0000000000025570 0000000000000010 t fsdev_chmod
0000000000025580 0000000000000018 t error_cmp
00000000000255a0 0000000000000020 t fsdev_dirclose
00000000000255c0 000000000000001c t fsdev_close
00000000000255e0 0000000000000074 t fsdev_converttimetoutc
0000000000025660 00000000000000f8 t fsdevFindDevice.part.0
0000000000025760 00000000000001cc t fsdev_fixpath
0000000000025930 000000000000009c t _fsdevUnmountDeviceStruct.part.0
00000000000259d0 0000000000000010 t fsdev_fchmod
00000000000259e0 0000000000000100 t fsdev_diropen
0000000000025ae0 00000000000000f8 t fsdev_statvfs
0000000000025be0 000000000000007c t fsdev_fsync
0000000000025c60 00000000000000ec t fsdev_fstat
0000000000025d50 0000000000000094 t fsdev_ftruncate
0000000000025df0 00000000000001d8 t fsdev_stat
0000000000025fd0 000000000000014c t fsdev_rename
0000000000026120 000000000000013c t fsdev_chdir
0000000000026260 00000000000000a4 t fsdev_rmdir
0000000000026310 00000000000000a4 t fsdev_mkdir
00000000000263c0 00000000000000a4 t fsdev_unlink
0000000000026470 000000000000013c t fsdev_write_safe
00000000000265b0 0000000000000134 t fsdev_read_safe
00000000000266f0 0000000000000100 t fsdev_read
00000000000267f0 00000000000001d4 t fsdev_dirnext
00000000000269d0 0000000000000124 t fsdev_write
0000000000026b00 0000000000000110 t fsdev_seek
0000000000026c10 0000000000000230 t fsdev_open
0000000000026e40 0000000000000324 T fsdevMountDevice
0000000000027170 0000000000000040 T fsdevMountSdmc
00000000000271b0 00000000000000bc T __libnx_init_cwd
0000000000027270 0000000000000064 T fsdevUnmountAll
00000000000272e0 0000000000000084 T fsdevTranslatePath
0000000000027370 0000000000000128 T decode_utf8
0000000000027498 W __libnx_exception_entry
0000000000027524 t __libnx_exception_entry_start
000000000002764c t __libnx_exception_entry_abort
0000000000027650 t __libnx_exception_entry_end
0000000000027658 T __libnx_exception_returnentry
0000000000027670 0000000000000070 T condvarWaitTimeout
00000000000276e0 0000000000000410 T randomGet
0000000000027af0 0000000000000020 T randomGet64
0000000000027b10 00000000000000b0 T __libnx_init_thread
0000000000027bc0 0000000000000184 T sessionmgrCreate
0000000000027d50 0000000000000084 T sessionmgrClose
0000000000027de0 00000000000000a8 T sessionmgrAttachClient
0000000000027e90 0000000000000060 T sessionmgrDetachClient
0000000000027ef0 00000000000000d0 t _setsysGetFirmwareVersionImpl
0000000000027fc0 0000000000000078 t _setsysCleanup
0000000000028040 00000000000000a0 T setsysInitialize
00000000000280e0 0000000000000048 T setsysExit
0000000000028130 0000000000000048 T setsysGetFirmwareVersion
0000000000028180 000000000000027c t _timeCleanup
0000000000028400 0000000000000100 t _timeCmdGetSession.constprop.0
0000000000028500 0000000000000104 t _timeReadClockFromSharedMem
0000000000028610 0000000000000300 T timeInitialize
0000000000028910 0000000000000048 T timeExit
0000000000028960 0000000000000038 T timeGetServiceSession_SystemClock
00000000000289a0 00000000000000fc T timeGetCurrentTime
0000000000028aa0 0000000000000108 T timeToCalendarTimeWithMyRule
0000000000028bb0 0000000000000114 T timeToPosixTimeWithMyRule
0000000000028ce0 0000000000000498 T pow
0000000000029180 000000000000007c T ldexp
0000000000029200 0000000000000018 T finite
0000000000029220 0000000000000034 t with_errno
0000000000029260 0000000000000018 t xflow
0000000000029280 000000000000000c t __math_uflow
00000000000292a0 000000000000000c t __math_oflow
00000000000292c0 0000000000000020 t __math_divzero
00000000000292e0 0000000000000020 t __math_invalid
0000000000029300 0000000000000014 t __math_check_uflow
0000000000029320 0000000000000020 t __math_check_oflow
0000000000029340 000000000000010c T scalbn
0000000000029460 00000000000000c4 T strncat
0000000000029540 0000000000000028 T srand
0000000000029580 0000000000000038 T rand
00000000000295c0 00000000000000cc T strchr
00000000000296a0 0000000000000064 T __assert_func
0000000000029720 0000000000000330 T _fread_r
0000000000029a60 0000000000000034 T fread
0000000000029ac0 00000000000000b8 T strnlen
0000000000029b80 00000000000000b4 T bsearch
0000000000029c40 000000000000022c T memcpy
0000000000029c40 T memmove
0000000000029e80 0000000000000120 T _fopen_r
0000000000029fa0 000000000000002c T fopen
0000000000029fe0 0000000000000028 T gmtime
000000000002a040 0000000000000104 T memset
000000000002a160 00000000000000f8 T snprintf
000000000002a260 00000000000001a4 t _strtoul_l.isra.0
000000000002a420 0000000000000040 T strtoul
000000000002a460 00000000000000b8 T __submore
000000000002a520 0000000000000220 T _ungetc_r
000000000002a740 000000000000002c T ungetc
000000000002a780 0000000000000080 T fiprintf
000000000002a800 000000000000002c T calloc
000000000002a840 000000000000002c T aligned_alloc
000000000002a880 000000000000018c T _memalign_r
000000000002aa20 0000000000000014 T __errno
000000000002aa40 0000000000000018 T abort
000000000002aa60 00000000000000b0 T __swhatbuf_r
000000000002ab20 00000000000000e8 T __smakebuf_r
000000000002ac40 0000000000000130 T strlen
000000000002ad80 00000000000000bc T _calloc_r
000000000002ae40 00000000000001ec T __sflush_r
000000000002b040 00000000000000bc T _fflush_r
000000000002b100 00000000000000f4 T _fwrite_r
000000000002b200 0000000000000034 T fwrite
000000000002b240 000000000000002c T realloc
000000000002b280 00000000000001b4 T strncmp
000000000002b440 0000000000000840 T _malloc_r
000000000002bc80 00000000000001c8 T memcmp
000000000002be60 000000000000011c T _malloc_trim_r
000000000002bf80 00000000000002d8 T _free_r
000000000002c260 000000000000001c t stdio_exit_handler
000000000002c280 000000000000006c t cleanup_stdio
000000000002c300 0000000000000128 t global_stdio_init.part.0
000000000002c440 000000000000000c T __sfp_lock_acquire
000000000002c460 000000000000000c T __sfp_lock_release
000000000002c480 0000000000000130 T __sfp
000000000002c5c0 0000000000000054 T __sinit
000000000002c620 00000000000002c0 t _strtol_l.part.0
000000000002c8e0 0000000000000078 T strtol
000000000002c960 00000000000000a4 T __libc_init_array
000000000002ca20 00000000000000ac T strncpy
000000000002cae0 0000000000000004 T _fseek_r
000000000002cb00 0000000000000034 T fseek
000000000002cb40 0000000000000038 T malloc
000000000002cb80 000000000000001c T free
000000000002cba0 000000000000004c T __sread
000000000002cc00 0000000000000070 T __swrite
000000000002cc80 0000000000000050 T __sseek
000000000002cce0 0000000000000008 T __sclose
000000000002cd00 00000000000000cc T fgetc
000000000002cde0 0000000000000568 T _realloc_r
000000000002d360 000000000000000c T __malloc_lock
000000000002d380 000000000000000c T __malloc_unlock
000000000002d3a0 00000000000004c0 T _fseeko_r
000000000002d860 0000000000000130 T _fclose_r
000000000002d9a0 000000000000001c T fclose
000000000002d9c0 0000000000000048 T time
000000000002da20 0000000000000034 T setenv
000000000002da60 0000000000000004 W __call_exitprocs
000000000002da64 0000000000000790 t get_arg
000000000002e1f4 0000000000003a84 T _svfprintf_r
0000000000031c80 00000000000000b8 T __sflags
0000000000031d40 0000000000000134 T strcmp
0000000000031e80 0000000000000044 T __libc_fini_array
0000000000031ee0 00000000000002a0 T gmtime_r
0000000000032180 0000000000000790 t get_arg
0000000000032910 0000000000002964 T _vfiprintf_r
0000000000035274 00000000000000cc t __sbprintf
0000000000035340 00000000000000dc T memchr
0000000000035420 0000000000000038 t lflush
0000000000035460 0000000000000190 T __srefill_r
0000000000035600 000000000000007c T frexp
0000000000035680 0000000000000258 T _setenv_r
00000000000358e0 0000000000000098 T _fwalk_sglue
0000000000035980 0000000000000070 T __srget_r
0000000000035a00 00000000000000d0 T _wcrtomb_r
0000000000035ae0 00000000000000c8 T __ssprint_r
0000000000035bc0 00000000000004a4 T __sfvwrite_r
0000000000036080 000000000000009c T _raise_r
0000000000036120 000000000000001c T raise
0000000000036140 000000000000002c T __locale_mb_cur_max
0000000000036180 0000000000000038 T __sprint_r
00000000000361c0 00000000000001a4 t quorem
0000000000036380 00000000000012f0 T _dtoa_r
0000000000037680 0000000000000010 T _wcsrtombs_r
00000000000376a0 000000000000012c T __swsetup_r
00000000000377e0 00000000000000f4 T _findenv_r
00000000000378e0 0000000000000008 T __localeconv_l
0000000000037900 0000000000000028 T _localeconv_r
0000000000037940 0000000000000188 T __ssputs_r
0000000000037ae0 00000000000000e0 T __utf8_wctomb
0000000000037bc0 0000000000000188 T _wcsnrtombs_l
0000000000037d60 0000000000000054 T _wcsnrtombs_r
0000000000037dc0 000000000000000c T __env_lock
0000000000037de0 000000000000000c T __env_unlock
0000000000037e00 00000000000000a4 T _Balloc
0000000000037ec0 0000000000000020 T _Bfree
0000000000037ee0 0000000000000118 T __multadd
0000000000038000 0000000000000094 T __hi0bits
00000000000380a0 0000000000000100 T __lo0bits
00000000000381a0 000000000000004c T __i2b
0000000000038200 0000000000000210 T __multiply
0000000000038420 0000000000000104 T __pow5mult
0000000000038540 0000000000000174 T __lshift
00000000000386c0 0000000000000050 T __mcmp
0000000000038720 00000000000001c4 T __mdiff
0000000000038900 000000000000014c T __d2b
0000000000038a60 00000000000002dc T __utf8_mbtowc
0000000000038d40 0000000000000020 T _exit
0000000000038d60 000000000000016c T chdir
0000000000038ee0 0000000000000218 T _concatenate_path
0000000000039100 000000000000009c T _fstat_r
00000000000391a0 0000000000000010 T _getpid_r
00000000000391c0 0000000000000020 T __getreent
00000000000391e0 0000000000000024 T _gettimeofday_r
0000000000039220 00000000000000a0 T __release_handle
00000000000392c0 0000000000000130 T __alloc_handle
0000000000039400 0000000000000060 T __get_handle
0000000000039460 00000000000000f4 T _close_r
0000000000039560 0000000000000008 t null_write
0000000000039580 0000000000000018 T setDefaultDevice
00000000000395a0 00000000000000b8 T FindDevice
0000000000039660 000000000000002c T RemoveDevice
00000000000396a0 00000000000000a4 T AddDevice
0000000000039760 0000000000000034 T GetDeviceOpTab
00000000000397a0 0000000000000008 T _isatty_r
00000000000397c0 0000000000000010 T _kill_r
00000000000397e0 00000000000000a0 T _lseek_r
0000000000039880 0000000000000088 T mkdir
0000000000039920 00000000000000f0 T _open_r
0000000000039a20 00000000000000b0 T _read_r
0000000000039ae0 0000000000000078 W _sbrk_r
0000000000039b60 0000000000000014 T __libc_lock_acquire
0000000000039b80 0000000000000014 T __libc_lock_release
0000000000039ba0 0000000000000014 T __libc_lock_acquire_recursive
0000000000039bc0 0000000000000014 T __libc_lock_release_recursive
0000000000039be0 00000000000000b0 T _write_r
0000000000039ca0 0000000000000380 t __trunctfdf2
000000000003a020 0000000000000070 t __sfp_handle_exceptions
000000000003a0c0 0000000000000104 T strrchr
000000000003a1c8 T _init
000000000003a200 T _fini
000000000003cdb0 0000000000000017 r __func__.11
000000000003cdc8 000000000000001f r __func__.16
000000000003cde8 0000000000000012 r __func__.10
000000000003ce00 0000000000000024 r mul_table.9
000000000003ce30 0000000000000024 r shift_table.8
000000000003cea0 0000000000000013 r length_dezigzag.0
000000000003cec0 0000000000000120 r stbi__zdefault_length
000000000003cfe0 0000000000000020 r stbi__zdefault_distance
000000000003d000 000000000000007c r stbi__zlength_base
000000000003d080 000000000000007c r stbi__zlength_extra
000000000003d100 0000000000000080 r stbi__zdist_base
000000000003d180 0000000000000080 r stbi__zdist_extra
000000000003d200 0000000000000015 r __func__.12
000000000003d218 000000000000001b r __func__.17
000000000003d238 0000000000000005 r first_row_filter
000000000003d240 0000000000000009 r stbi__depth_scale_table
000000000003d250 0000000000000044 r stbi__bmask
000000000003d2a0 0000000000000040 r stbi__jbias
000000000003d2e0 0000000000000017 r __func__.4
000000000003d300 000000000000004f r stbi__jpeg_dezigzag
000000000003d350 0000000000000005 r tag.7
000000000003d358 0000000000000006 r tag.6
000000000003d360 0000000000000003 r rgb.5
000000000003d368 0000000000000008 r png_sig.19
000000000003d3f0 000000000000001d r __func__.15
000000000003d410 000000000000001b r __func__.14
000000000003d430 0000000000000010 r __func__.13
000000000003d440 000000000000000f r __func__.3
000000000003d450 0000000000000020 r __func__.20
000000000003d470 0000000000000021 r __func__.2
000000000003d540 0000000000000014 r CSWTCH.1000
000000000003d560 0000000000000038 r g_nvColorFmtTable
000000000003d598 0000000000000024 r s_emptyFence.0
000000000003d630 0000000000000023 r g_bq_InterfaceDescriptor
000000000003d658 0000000000000020 r error_table
000000000003d680 0000000000000870 R __exp_data
000000000003def0 0000000000001048 R __pow_log_data
000000000003f0a0 0000000000000010 r zeroes.0
000000000003f0b0 0000000000000010 r blanks.1
000000000003f1c0 0000000000000010 r zeroes.0
000000000003f1d0 0000000000000010 r blanks.1
000000000003f1e0 0000000000000101 R _ctype_
000000000003f2e8 000000000000006c R __action_table
000000000003f358 000000000000006c R __state_table
000000000003f3c8 0000000000000100 R __chclass
000000000003f4c8 000000000000000c r p05.0
000000000003f4d8 0000000000000028 R __mprec_bigtens
000000000003f500 00000000000000c8 R __mprec_tens
000000000003f5c8 r __tls_align
000000000003f5d0 r __EH_FRAME_BEGIN__
000000000003f5d0 r __eh_frame_hdr_end
000000000003f5d0 r __eh_frame_hdr_start
000000000004626c r __FRAME_END__
0000000000047000 d __frame_dummy_init_array_entry
0000000000047000 d __init_array_start
0000000000047000 d __preinit_array_end
0000000000047000 d __preinit_array_start
0000000000047000 d __relro_start
0000000000047008 d __do_global_dtors_aux_fini_array_entry
0000000000047008 d __fini_array_start
0000000000047008 d __init_array_end
0000000000047010 d __fini_array_end
0000000000047010 0000000000000018 d stbi__stdio_callbacks
0000000000047028 0000000000000100 d romFS_devoptab
0000000000047128 0000000000000100 d fsdev_devoptab
0000000000047228 0000000000000100 D dotab_stdnull
0000000000047328 a _DYNAMIC
0000000000047478 d __got_start__
0000000000047478 a _GLOBAL_OFFSET_TABLE_
0000000000047700 d __got_end__
0000000000048000 d __data_start
0000000000048000 0000000000000004 d stbi__l2h_gamma
0000000000048004 0000000000000004 d stbi__l2h_scale
0000000000048008 0000000000000004 d stbi__h2l_gamma_i
000000000004800c 0000000000000004 d stbi__h2l_scale_i
0000000000048010 0000000000000019 d invalid_chunk.18
00000000000480b0 0000000000000b60 d deck
0000000000048c10 0000000000000060 d crawlers
0000000000048c70 0000000000000008 V __nx_applet_init_timeout
0000000000048c78 0000000000000001 V __nx_applet_auto_notifyrunning
0000000000048c7c 0000000000000004 V __nx_applet_type
0000000000048c80 0000000000000004 V __nx_fs_num_sessions
0000000000048c84 0000000000000004 V __nx_nv_transfermem_size
0000000000048c88 0000000000000004 V __nx_nv_service_type
0000000000048c8c 0000000000000004 d g_viServiceType
0000000000048c90 0000000000000004 V __nx_vi_stray_layer_flags
0000000000048c94 0000000000000004 d g_ctrl_fd
0000000000048c98 0000000000000004 d g_nvmap_fd
0000000000048ca0 0000000000000008 V __nx_exception_stack_size
0000000000048ca8 0000000000000001 V __nx_fsdev_support_cwd
0000000000048cac 0000000000000004 V __nx_fsdev_direntry_cache_size
0000000000048cb0 0000000000000008 D _impure_ptr
0000000000048cb8 0000000000000240 D _impure_data
0000000000048ef8 0000000000000008 D __malloc_sbrk_base
0000000000048f00 0000000000000008 D __malloc_trim_threshold
0000000000048f08 0000000000000810 D __malloc_av_
0000000000049718 0000000000000018 D __sglue
0000000000049730 0000000000000008 D environ
0000000000049738 0000000000000290 D __global_locale
00000000000499d0 0000000000000400 d _current_working_directory
0000000000049de0 0000000000002000 d handles
000000000004bde0 0000000000000010 d __stderr_handle
000000000004bdf0 0000000000000010 d __stdout_handle
000000000004be00 0000000000000010 d __stdin_handle
000000000004be10 0000000000000118 D devoptab_list
000000000004bf28 0000000000000004 d defaultDevice
000000000004bf30 d __tdata_lma
000000000004bf30 d __tdata_lma_end
000000000004bf40 b __bss_start__
000000000004bf40 b completed.1
000000000004bf48 b object.0
000000000004bf80 0000000000000004 b mapEdgeCount
000000000004bf88 0000000000000400 b mapNodes
000000000004c388 0000000000000500 b mapEdges
000000000004c8c0 00000000000000c0 b battleBgs
000000000004c980 0000000000000004 b mapNodeCount
000000000004c990 0000000000000038 b layerStart
000000000004c9d0 0000000000000038 b layerCount
000000000004ca08 0000000000000004 b stbi__vertically_flip_on_load_global
000000000004ca0c 0000000000000004 b stbi__de_iphone_flag_global
000000000004ca10 0000000000000004 b stbi__unpremultiply_on_load_global
000000000004ca18 0000000000000010 b mainMenuBg
000000000004ca28 0000000000000010 b howToBg
000000000004ca40 0000000000000028 b normalEnemyH
000000000004ca70 0000000000000028 b normalEnemyW
000000000004caa0 0000000000000050 b normalEnemySprites
000000000004caf0 000000000000002c b eliteEnemyH
000000000004cb20 000000000000002c b eliteEnemyW
000000000004cb50 0000000000000058 b eliteEnemySprites
000000000004cba8 000000000000000c b bossEnemyH
000000000004cbb8 000000000000000c b bossEnemyW
000000000004cbd0 0000000000000018 b bossEnemySprites
000000000004cbe8 0000000000000008 b g_appletGuard
000000000004cbf0 0000000000000001 b g_appletInfoInitialized
000000000004cbf8 0000000000000050 b g_appletInfo
000000000004cc48 0000000000000004 b g_appletCpuBoostMode
000000000004cc50 000000000000000c b g_appletLibraryAppletLaunchableEvent
000000000004cc5c 0000000000000001 b g_appletSuspendedTickInitialized
000000000004cc60 0000000000000008 b g_appletSuspendedTick
000000000004cc68 0000000000000008 b g_appletInitTickBase
000000000004cc70 000000000000000c b g_appletSuspendedTickEvent
000000000004cc7c 0000000000000001 b g_appletCopyrightInitialized
000000000004cc80 0000000000000028 b g_appletCopyrightTmem
000000000004cca8 0000000000000004 b g_appletRecordingInitialized
000000000004ccb0 0000000000000028 b g_appletRecordingTmem
000000000004ccd8 0000000000000018 b g_appletFirstHook
000000000004ccf0 0000000000000001 b g_appletNotifiedRunning
000000000004ccf1 0000000000000001 b g_appletFocusState
000000000004ccf4 0000000000000004 b g_appletPerformanceMode
000000000004ccf8 0000000000000001 b g_appletOperationMode
000000000004cd00 0000000000000008 b g_appletResourceUserId
000000000004cd08 000000000000000c b g_appletMessageEvent
000000000004cd18 0000000000000010 b g_appletIDebugFunctions
000000000004cd28 0000000000000010 b g_appletIDisplayController
000000000004cd38 0000000000000010 b g_appletIAudioController
000000000004cd48 0000000000000010 b g_appletIWindowController
000000000004cd58 0000000000000010 b g_appletISelfController
000000000004cd68 0000000000000010 b g_appletICommonStateGetter
000000000004cd78 0000000000000010 b g_appletILibraryAppletCreator
000000000004cd88 0000000000000010 b g_appletIProcessWindingController
000000000004cd98 0000000000000010 b g_appletILibraryAppletSelfAccessor
000000000004cda8 0000000000000010 b g_appletIApplicationCreator
000000000004cdb8 0000000000000010 b g_appletIGlobalStateController
000000000004cdc8 0000000000000010 b g_appletIFunctions
000000000004cdd8 0000000000000010 b g_appletIAppletCommonFunctions
000000000004cde8 0000000000000004 b g_appletExitProcessResult
000000000004cdec 0000000000000001 b g_appletExitProcessFlag
000000000004cded 0000000000000001 b g_appletLeftInitialized
000000000004cdf0 0000000000000010 b g_appletProxySession
000000000004ce00 0000000000000010 b g_appletSrv
000000000004ce10 0000000000000004 V __nx_applet_exit_mode
000000000004ce18 0000000000000008 V __nx_applet_PerformanceConfiguration
000000000004ce20 0000000000000080 V __nx_applet_AppletAttribute
000000000004cea0 0000000000000008 b g_hidGuard
000000000004cea8 0000000000000008 b g_sevenSixAxisSensorBuffer
000000000004ceb0 0000000000000020 b g_hidSharedmem
000000000004ced0 0000000000000010 b g_hidIActiveVibrationDeviceList
000000000004cee0 0000000000000010 b g_hidIAppletResource
000000000004cef0 0000000000000010 b g_hidSrv
000000000004cf00 0000000000000008 b g_smGuard
000000000004cf08 0000000000000008 b g_smOverridesNum
000000000004cf10 0000000000000180 b g_smOverrides
000000000004d090 0000000000000010 b g_smSrv
000000000004d0a0 0000000000000080 b g_defaultWin
000000000004d120 0000000000000010 b g_viLayer
000000000004d130 0000000000000050 b g_viDisplay
000000000004d180 0000000000000008 b g_userIdStorage
000000000004d190 0000000000000010 b g_randomSeed
000000000004d1a0 0000000000000001 b g_hasRandomSeed
000000000004d1a4 0000000000000004 b g_lastLoadResult
000000000004d1a8 0000000000000008 b g_nextLoadArgv
000000000004d1b0 0000000000000008 b g_nextLoadPath
000000000004d1b8 0000000000000004 b g_processHandle
000000000004d1c0 0000000000000018 b g_syscallHints
000000000004d1d8 0000000000000008 b g_overrideArgv
000000000004d1e0 0000000000000008 b g_overrideHeapSize
000000000004d1e8 0000000000000008 b g_overrideHeapAddr
000000000004d1f0 0000000000000008 b g_loaderRetAddr
000000000004d1f8 0000000000000004 b g_mainThreadHandle
000000000004d200 0000000000000008 b g_loaderInfoSize
000000000004d208 0000000000000008 b g_loaderInfo
000000000004d210 0000000000000001 b g_isNso
000000000004d214 0000000000000004 b g_hosVersion
000000000004d218 0000000000000008 V __romfs_path
000000000004d220 0000000000003b00 b romfs_mounts
0000000000050d20 0000000000000001 b romfs_initialised
0000000000050d28 B __stack_top
0000000000050d30 0000000000000001 b g_IsLegacyKernel
0000000000050d38 0000000000000008 b g_Reservations
0000000000050d40 0000000000000010 b g_StackRegion
0000000000050d50 0000000000000010 b g_AslrRegion
0000000000050d60 0000000000000010 b g_HeapRegion
0000000000050d70 0000000000000010 b g_AliasRegion
0000000000050d80 0000000000000004 b g_VirtmemMutex
0000000000050d88 0000000000000008 b g_apmGuard
0000000000050d90 0000000000000010 b g_apmISession
0000000000050da0 0000000000000010 b g_apmSrv
0000000000050db0 0000000000000008 b g_fsGuard
0000000000050dc0 0000000000000054 b g_fsSessionMgr
0000000000050e18 0000000000000010 b g_fsSrv
0000000000050e28 0000000000000008 b g_nvGuard
0000000000050e30 0000000000000028 b g_nvTransfermem
0000000000050e58 0000000000000010 b g_nvSrvClone
0000000000050e68 0000000000000010 b g_nvSrv
0000000000050e78 0000000000000008 b g_viGuard
0000000000050e80 0000000000000010 b g_viIHOSBinderDriverIndirect
0000000000050e90 0000000000000010 b g_viIManagerDisplayService
0000000000050ea0 0000000000000010 b g_viISystemDisplayService
0000000000050eb0 0000000000000010 b g_viIHOSBinderDriverRelay
0000000000050ec0 0000000000000010 b g_viIApplicationDisplayService
0000000000050ed0 0000000000000010 b g_viRootService
0000000000050ee0 0000000000000008 V __nx_vi_layer_id
0000000000050ee8 0000000000000008 b g_nvFenceGuard
0000000000050ef0 0000000000000300 b g_NvEvents
00000000000511f0 0000000000000008 b g_NvEventUsedMask
00000000000511f8 0000000000000008 b g_nvMapGuard
0000000000051200 0000000000000008 b g_argv_empty
0000000000051208 0000000000000008 B __system_argv
0000000000051210 0000000000000004 B __system_argc
0000000000051220 0000000000000340 B __nx_exceptiondump
0000000000051560 0000000000000004 V __nx_exception_ignoredebug
0000000000051570 0000000000000400 V __nx_exception_stack
0000000000051970 0000000000000008 V __nx_heap_size
0000000000051978 0000000000000008 b __bootticks
0000000000051980 0000000000000008 b __boottime
0000000000051988 0000000000000004 V __nx_time_type
0000000000051990 0000000000000004 B __nxlink_host
00000000000519a0 0000000000002800 b fsdev_fsdevices
00000000000541a0 0000000000000004 b fsdev_fsdevice_cwd
00000000000541a4 0000000000000001 b fsdev_initialised
00000000000541a8 0000000000000004 b g_randMutex
00000000000541ac 0000000000000001 b g_randInit
00000000000541b0 0000000000000040 b g_chacha
00000000000541f0 0000000000000038 b g_mainThread
0000000000054228 0000000000000008 b g_threadList
0000000000054230 0000000000000004 b g_threadMutex
0000000000054238 0000000000000008 b g_setsysGuard
0000000000054240 0000000000000010 b g_setsysSrv
0000000000054250 0000000000000008 b g_timeGuard
0000000000054258 0000000000000020 b g_timeSharedmem
0000000000054278 0000000000000010 b g_timeLocalSystemClock
0000000000054288 0000000000000010 b g_timeTimeZoneService
0000000000054298 0000000000000010 b g_timeSteadyClock
00000000000542a8 0000000000000010 b g_timeNetworkSystemClock
00000000000542b8 0000000000000010 b g_timeUserSystemClock
00000000000542c8 0000000000000010 b g_timeSrv
00000000000542d8 0000000000000004 V __nx_time_service_type
00000000000542e0 0000000000000050 B __malloc_current_mallinfo
0000000000054330 0000000000000008 B __malloc_max_total_mem
0000000000054338 0000000000000008 B __malloc_max_sbrked_mem
0000000000054340 0000000000000008 B __malloc_top_pad
0000000000054348 0000000000000008 b __sfp_recursive_mutex
0000000000054350 0000000000000228 B __sf
0000000000054578 0000000000000008 B __stdio_exit_handler
0000000000054580 0000000000000008 b __malloc_recursive_mutex
0000000000054588 0000000000000004 b alloced.0
0000000000054590 0000000000000008 b initial_env
0000000000054598 0000000000000008 b __env_recursive_mutex
00000000000545a0 0000000000000400 b temp_cwd
00000000000549a0 0000000000000004 b __hndl_lock
00000000000549a8 0000000000000008 B fake_heap_start
00000000000549b0 0000000000000008 B fake_heap_end
00000000000549b8 0000000000000008 b heap_start.0
00000000000549c0 b __tls_start
0000000000054df0 b __bss_end__
0000000000054df0 b __end__
0000000000054df0 b __tls_end
0000000000055000 b __argdata__
