Archive member included to satisfy reference by file (symbol)

C:/devkitPro/libnx/lib\libnx.a(applet.o)
                              main.o (appletMainLoop)
C:/devkitPro/libnx/lib\libnx.a(hid.o)
                              main.o (hidGetTouchScreenStates)
C:/devkitPro/libnx/lib\libnx.a(sm.o)
                              C:/devkitPro/libnx/lib\libnx.a(applet.o) (smGetServiceWrapper)
C:/devkitPro/libnx/lib\libnx.a(default_window.o)
                              main.o (nwindowGetDefault)
C:/devkitPro/libnx/lib\libnx.a(framebuffer.o)
                              main.o (framebufferMakeLinear)
C:/devkitPro/libnx/lib\libnx.a(native_window.o)
                              C:/devkitPro/libnx/lib\libnx.a(framebuffer.o) (nwindowIsValid)
C:/devkitPro/libnx/lib\libnx.a(alloc.o)
                              C:/devkitPro/libnx/lib\libnx.a(framebuffer.o) (__libnx_alloc)
C:/devkitPro/libnx/lib\libnx.a(diag.o)
                              C:/devkitPro/libnx/lib\libnx.a(applet.o) (diagAbortWithResult)
C:/devkitPro/libnx/lib\libnx.a(env.o)
                              C:/devkitPro/libnx/lib\libnx.a(applet.o) (envIsNso)
C:/devkitPro/libnx/lib\libnx.a(hosversion.o)
                              C:/devkitPro/libnx/lib\libnx.a(applet.o) (hosversionGet)
C:/devkitPro/libnx/lib\libnx.a(pad.o)
                              main.o (padConfigureInput)
C:/devkitPro/libnx/lib\libnx.a(romfs_dev.o)
                              main.o (romfsMountSelf)
C:/devkitPro/libnx/lib\libnx.a(cache.o)
                              C:/devkitPro/libnx/lib\libnx.a(framebuffer.o) (armDCacheFlush)
C:/devkitPro/libnx/lib\libnx.a(svc.o)
                              C:/devkitPro/libnx/lib\libnx.a(applet.o) (svcExitProcess)
C:/devkitPro/libnx/lib\libnx.a(readtp.o)
                              main.o (__aarch64_read_tp)
C:/devkitPro/libnx/lib\libnx.a(switch_crt0.o)
                              (_start)
C:/devkitPro/libnx/lib\libnx.a(event.o)
                              C:/devkitPro/libnx/lib\libnx.a(applet.o) (eventLoadRemote)
C:/devkitPro/libnx/lib\libnx.a(mutex.o)
                              C:/devkitPro/libnx/lib\libnx.a(applet.o) (mutexLock)
C:/devkitPro/libnx/lib\libnx.a(shmem.o)
                              C:/devkitPro/libnx/lib\libnx.a(hid.o) (shmemLoadRemote)
C:/devkitPro/libnx/lib\libnx.a(tmem.o)
                              C:/devkitPro/libnx/lib\libnx.a(applet.o) (tmemCreate)
C:/devkitPro/libnx/lib\libnx.a(virtmem.o)
                              C:/devkitPro/libnx/lib\libnx.a(shmem.o) (virtmemLock)
C:/devkitPro/libnx/lib\libnx.a(wait.o)
                              C:/devkitPro/libnx/lib\libnx.a(applet.o) (waitObjects)
C:/devkitPro/libnx/lib\libnx.a(apm.o)
                              C:/devkitPro/libnx/lib\libnx.a(applet.o) (apmInitialize)
C:/devkitPro/libnx/lib\libnx.a(fs.o)
                              C:/devkitPro/libnx/lib\libnx.a(romfs_dev.o) (fsOpenDataStorageByCurrentProcess)
C:/devkitPro/libnx/lib\libnx.a(nv.o)
                              C:/devkitPro/libnx/lib\libnx.a(framebuffer.o) (nvInitialize)
C:/devkitPro/libnx/lib\libnx.a(vi.o)
                              C:/devkitPro/libnx/lib\libnx.a(default_window.o) (viInitialize)
C:/devkitPro/libnx/lib\libnx.a(fence.o)
                              C:/devkitPro/libnx/lib\libnx.a(framebuffer.o) (nvFenceInit)
C:/devkitPro/libnx/lib\libnx.a(map.o)
                              C:/devkitPro/libnx/lib\libnx.a(framebuffer.o) (nvMapInit)
C:/devkitPro/libnx/lib\libnx.a(nvhost-ctrl.o)
                              C:/devkitPro/libnx/lib\libnx.a(fence.o) (nvioctlNvhostCtrl_EventSignal)
C:/devkitPro/libnx/lib\libnx.a(nvmap.o)
                              C:/devkitPro/libnx/lib\libnx.a(map.o) (nvioctlNvmap_Create)
C:/devkitPro/libnx/lib\libnx.a(binder.o)
                              C:/devkitPro/libnx/lib\libnx.a(native_window.o) (binderCreate)
C:/devkitPro/libnx/lib\libnx.a(buffer_producer.o)
                              C:/devkitPro/libnx/lib\libnx.a(native_window.o) (bqRequestBuffer)
C:/devkitPro/libnx/lib\libnx.a(parcel.o)
                              C:/devkitPro/libnx/lib\libnx.a(buffer_producer.o) (parcelCreate)
C:/devkitPro/libnx/lib\libnx.a(argv.o)
                              C:/devkitPro/libnx/lib\libnx.a(romfs_dev.o) (__system_argc)
C:/devkitPro/libnx/lib\libnx.a(dynamic.o)
                              C:/devkitPro/libnx/lib\libnx.a(switch_crt0.o) (__nx_dynamic)
C:/devkitPro/libnx/lib\libnx.a(init.o)
                              C:/devkitPro/libnx/lib\libnx.a(switch_crt0.o) (__libnx_init)
C:/devkitPro/libnx/lib\libnx.a(newlib.o)
                              C:/devkitPro/libnx/lib\libnx.a(init.o) (__libnx_init_time)
C:/devkitPro/libnx/lib\libnx.a(nxlink.o)
                              C:/devkitPro/libnx/lib\libnx.a(argv.o) (nxlinkSetup)
C:/devkitPro/libnx/lib\libnx.a(fs_dev.o)
                              C:/devkitPro/libnx/lib\libnx.a(init.o) (fsdevMountSdmc)
[...]
Memory Configuration

Name             Origin             Length             Attributes
*default*        0x0000000000000000 0xffffffffffffffff

Linker script and memory map

                0x0000000000000000                PROVIDE (__start__ = 0x0)
                0x0000000000000000                . = __start__
                [!provide]                        PROVIDE (__code_start = .)

.text           0x0000000000000000    0x3a1c8
 *(.crt0)
 .crt0          0x0000000000000000      0x130 C:/devkitPro/libnx/lib\libnx.a(switch_crt0.o)
                0x0000000000000000                _start
                0x00000000000000e0                __nx_exit
                0x00000000000000f0                __nx_mod0
 *(.text.unlikely .text.*_unlikely .text.unlikely.*)
 *(.text.exit .text.exit.*)
 *fill*         0x0000000000000130       0x10 
 .text.exit     0x0000000000000140       0x34 C:/devkitPro/devkitA64/bin/../lib/gcc/aarch64-none-elf/15.2.0/../../../../aarch64-none-elf/lib/pic\libg.a(libc_a-exit.o)
                0x0000000000000140                exit
 *(.text.startup .text.startup.*)
 *fill*         0x0000000000000174        0xc 
 .text.startup.main
                0x0000000000000180     0x31a8 main.o
                0x0000000000000180                main
 *(.text.hot .text.hot.*)
 *(.text .stub .text.* .gnu.linkonce.t.*)
 *fill*         0x0000000000003328       0x18 
 .text.__do_global_dtors_aux
                0x0000000000003340       0x50 C:/devkitPro/devkitA64/bin/../lib/gcc/aarch64-none-elf/15.2.0/pic/crtbegin.o
 *fill*         0x0000000000003390       0x10 
 .text.frame_dummy
                0x00000000000033a0       0x24 C:/devkitPro/devkitA64/bin/../lib/gcc/aarch64-none-elf/15.2.0/pic/crtbegin.o
 *fill*         0x00000000000033c4        0xc 
 .text.stbi__stdio_eof
                0x00000000000033d0       0x10 main.o
 .text.stbi__mad3sizes_valid
                0x00000000000033e0       0x7c main.o
 *fill*         0x000000000000345c        0x4 
 .text.stbi__refill_buffer
                0x0000000000003460       0x74 main.o
 *fill*         0x00000000000034d4        0xc 
 .text.stbi__idct_block
                0x00000000000034e0      0x3ec main.o
 *fill*         0x00000000000038cc        0x4 
 .text.resample_row_1
                0x00000000000038d0        0x8 main.o
 *fill*         0x00000000000038d8        0x8 
 .text.stbi__resample_row_v_2
                0x00000000000038e0       0x3c main.o
 *fill*         0x000000000000391c        0x4 
 .text.stbi__resample_row_hv_2
                0x0000000000003920       0xa0 main.o
 .text.stbi__resample_row_generic
                0x00000000000039c0       0x70 main.o
 .text.stbi__YCbCr_to_RGB_row
                0x0000000000003a30       0xe4 main.o
 *fill*         0x0000000000003b14        0xc 
 .text.stbi__bitreverse16
                0x0000000000003b20       0x48 main.o
 *fill*         0x0000000000003b68        0x8 
 .text.stbi__fill_bits
                0x0000000000003b70       0x54 main.o
 *fill*         0x0000000000003bc4        0xc 
 .text.stbi__zhuffman_decode
                0x0000000000003bd0      0x128 main.o
 *fill*         0x0000000000003cf8        0x8 
 .text.stbi__high_bit
                0x0000000000003d00       0x6c main.o
 *fill*         0x0000000000003d6c        0x4 
 .text.stbi__out_gif_code
                0x0000000000003d70      0x118 main.o
 *fill*         0x0000000000003e88        0x8 
 .text.add_map_edge_no_cross
                0x0000000000003e90      0x254 main.o
 *fill*         0x00000000000040e4        0xc 
 .text.init_player_deck
                0x00000000000040f0       0x40 main.o
 .text.free_enemy_sprite_pool
                0x0000000000004130       0x40 main.o
 .text.stbi__stdio_skip
                0x0000000000004170       0x48 main.o
 *fill*         0x00000000000041b8        0x8 
 .text.stbi__stdio_read
                0x00000000000041c0       0x24 main.o
 *fill*         0x00000000000041e4        0xc 
 .text.stbi__build_huffman
                0x00000000000041f0      0x1dc main.o
 *fill*         0x00000000000043cc        0x4 
 .text.stbi__zexpand
                0x00000000000043d0       0xb4 main.o
 *fill*         0x0000000000004484        0xc 
 .text.stbi__getn
                0x0000000000004490       0xd4 main.o
 *fill*         0x0000000000004564        0xc 
 .text.stbi__vertical_flip
                0x0000000000004570      0x108 main.o
 *fill*         0x0000000000004678        0x8 
 .text.stbi__convert_format16
                0x0000000000004680      0xc44 main.o
 *fill*         0x00000000000052c4        0xc 
 .text.stbi__hdr_convert
                0x00000000000052d0      0x118 main.o
 *fill*         0x00000000000053e8        0x8 
 .text.draw_new_hand
                0x00000000000053f0      0x150 main.o
 .text.random_card_from_pool
                0x0000000000005540      0x200 main.o
 .text.draw_rewards
                0x0000000000005740       0x50 main.o
 .text.draw_hand_from_piles
                0x0000000000005790      0x118 main.o
 *fill*         0x00000000000058a8        0x8 
 .text.stbi__resample_row_h_2
                0x00000000000058b0       0xe0 main.o
 .text.next_alive_enemy_from
                0x0000000000005990       0x90 main.o
 .text.stbi__create_png_alpha_expand8
                0x0000000000005a20       0xac main.o
 *fill*         0x0000000000005acc        0x4 
 .text.stbi__shiftsigned
                0x0000000000005ad0       0x78 main.o
 *fill*         0x0000000000005b48        0x8 
 .text.choose_battle_background_for_act
                0x0000000000005b50       0xb0 main.o
 .text.update_best_stats.part.0
                0x0000000000005c00      0x130 main.o
 .text.set_enemy_next_intent.part.0.constprop.0
                0x0000000000005d30      0x34c main.o
 *fill*         0x000000000000607c        0x4 
 .text.get_available_nodes_sorted.constprop.0
                0x0000000000006080      0x108 main.o
 *fill*         0x0000000000006188        0x8 
 .text.stbi__free_jpeg_components.constprop.0
                0x0000000000006190       0x7c main.o
 *fill*         0x000000000000620c        0x4 
 .text.stbi__mad4sizes_valid.constprop.0
                0x0000000000006210       0x8c main.o
 *fill*         0x000000000000629c        0x4 
 .text.setup_shop
                0x00000000000062a0       0xf8 main.o
 *fill*         0x0000000000006398        0x8 
 .text.stbi__zbuild_huffman
                0x00000000000063a0      0x208 main.o
 *fill*         0x00000000000065a8        0x8 
 .text.stbi__malloc_mad2
                0x00000000000065b0       0x4c main.o
 *fill*         0x00000000000065fc        0x4 
 .text.generate_map.isra.0
                0x0000000000006600      0x780 main.o
 .text.advance_room
                0x0000000000006d80       0x88 main.o
 *fill*         0x0000000000006e08        0x8 
 .text.fill_rect
                0x0000000000006e10       0x74 main.o
 *fill*         0x0000000000006e84        0xc 
 .text.draw_char
                0x0000000000006e90      0x478 main.o
 *fill*         0x0000000000007308        0x8 
 .text.draw_thick_rect
                0x0000000000007310      0x11c main.o
 *fill*         0x000000000000742c        0x4 
 .text.fill_circle
                0x0000000000007430       0x8c main.o
 *fill*         0x00000000000074bc        0x4 
 .text.draw_image_fit.part.0
                0x00000000000074c0      0x150 main.o
 .text.stbi__pnm_getinteger
                0x0000000000007610      0x12c main.o
 *fill*         0x000000000000773c        0x4 
 .text.stbi__pnm_skip_whitespace
                0x0000000000007740      0x1c0 main.o
 .text.stbi__gif_parse_colortable
                0x0000000000007900      0x168 main.o
 *fill*         0x0000000000007a68        0x8 
 .text.stbi__compute_huffman_codes
                0x0000000000007a70      0x2ec main.o
 *fill*         0x0000000000007d5c        0x4 
 .text.stbi__parse_zlib
                0x0000000000007d60      0x628 main.o
 *fill*         0x0000000000008388        0x8 
 .text.stbi__malloc_mad3
                0x0000000000008390       0x64 main.o
 *fill*         0x00000000000083f4        0xc 
 .text.stbi__convert_format
                0x0000000000008400      0xc38 main.o
 *fill*         0x0000000000009038        0x8 
 .text.stbi__create_png_image_raw
                0x0000000000009040      0x904 main.o
 *fill*         0x0000000000009944        0xc 
 .text.stbi__hdr_test
                0x0000000000009950      0x154 main.o
 *fill*         0x0000000000009aa4        0xc 
 .text.stbi__skip
                0x0000000000009ab0       0x54 main.o
 *fill*         0x0000000000009b04        0xc 
 .text.draw_status_line.part.0
                0x0000000000009b10       0xfc main.o
 *fill*         0x0000000000009c0c        0x4 
 .text.draw_centered_text
                0x0000000000009c10       0xc0 main.o
 .text.stbi__get16be
                0x0000000000009cd0       0xb0 main.o
 .text.stbi__get16le
                0x0000000000009d80       0xac main.o
 *fill*         0x0000000000009e2c        0x4 
 .text.draw_image_cover
                0x0000000000009e30      0x19c main.o
 *fill*         0x0000000000009fcc        0x4 
 .text.stbi__get32le
                0x0000000000009fd0      0x148 main.o
 *fill*         0x000000000000a118        0x8 
 .text.stbi__get32be
                0x000000000000a120      0x15c main.o
 *fill*         0x000000000000a27c        0x4 
 .text.draw_card.part.0
                0x000000000000a280      0x3cc main.o
 *fill*         0x000000000000a64c        0x4 
 .text.draw_reward_screen
                0x000000000000a650      0x2a8 main.o
 *fill*         0x000000000000a8f8        0x8 
 .text.draw_upgrade_screen
                0x000000000000a900      0x220 main.o
 .text.draw_death_screen
                0x000000000000ab20      0x250 main.o
 .text.stbi__hdr_gettoken
                0x000000000000ad70      0x188 main.o
 *fill*         0x000000000000aef8        0x8 
 .text.stbi__get_marker
                0x000000000000af00       0xf0 main.o
 .text.draw_shop_screen
                0x000000000000aff0      0x418 main.o
 *fill*         0x000000000000b408        0x8 
 .text.stbi__grow_buffer_unsafe
                0x000000000000b410      0x114 main.o
 *fill*         0x000000000000b524        0xc 
 .text.stbi__extend_receive
                0x000000000000b530       0x94 main.o
 *fill*         0x000000000000b5c4        0xc 
 .text.stbi__jpeg_huff_decode
                0x000000000000b5d0      0x168 main.o
 *fill*         0x000000000000b738        0x8 
 .text.stbi__jpeg_decode_block
                0x000000000000b740      0x2b4 main.o
 *fill*         0x000000000000b9f4        0xc 
 .text.stbi__jpeg_decode_block_prog_dc
                0x000000000000ba00      0x240 main.o
 .text.draw_card_list_panel.constprop.0
                0x000000000000bc40      0x204 main.o
 *fill*         0x000000000000be44        0xc 
 .text.draw_combat_screen
                0x000000000000be50      0xd3c main.o
 *fill*         0x000000000000cb8c        0x4 
 .text.draw_map_screen
                0x000000000000cb90      0x678 main.o
 *fill*         0x000000000000d208        0x8 
 .text.stbi__pnm_info
                0x000000000000d210      0x210 main.o
 .text.stbi__bmp_parse_header.constprop.0
                0x000000000000d420      0x40c main.o
 *fill*         0x000000000000d82c        0x4 
 .text.stbi__bmp_load.isra.0
                0x000000000000d830      0xe6c main.o
 *fill*         0x000000000000e69c        0x4 
 .text.stbi__gif_test_raw
                0x000000000000e6a0      0x198 main.o
 *fill*         0x000000000000e838        0x8 
 .text.stbi__hdr_load.isra.0
                0x000000000000e840      0x6c4 main.o
 *fill*         0x000000000000ef04        0xc 
 .text.stbi__gif_header
                0x000000000000ef10      0x438 main.o
 *fill*         0x000000000000f348        0x8 
 .text.stbi__gif_load_next.isra.0
                0x000000000000f350      0x9d0 main.o
 .text.stbi__gif_load.isra.0
                0x000000000000fd20       0xd0 main.o
 .text.stbi__process_marker
                0x000000000000fdf0      0x830 main.o
 .text.stbi__decode_jpeg_header
                0x0000000000010620      0x87c main.o
 *fill*         0x0000000000010e9c        0x4 
 .text.stbi__decode_jpeg_image
                0x0000000000010ea0     0x1448 main.o
 *fill*         0x00000000000122e8        0x8 
 .text.stbi_zlib_decode_malloc_guesssize_headerflag
                0x00000000000122f0       0xa8 main.o
                0x00000000000122f0                stbi_zlib_decode_malloc_guesssize_headerflag
 *fill*         0x0000000000012398        0x8 
 .text.stbi__parse_png_file
                0x00000000000123a0     0x1348 main.o
 *fill*         0x00000000000136e8        0x8 
 .text.stbi__load_main
                0x00000000000136f0     0x3034 main.o
 *fill*         0x0000000000016724        0xc 
 .text.stbi__load_and_postprocess_8bit
                0x0000000000016730      0x17c main.o
 *fill*         0x00000000000168ac        0x4 
 .text.stbi_load_from_file
                0x00000000000168b0       0xe8 main.o
                0x00000000000168b0                stbi_load_from_file
 *fill*         0x0000000000016998        0x8 
 .text.stbi_load
                0x00000000000169a0       0x8c main.o
                0x00000000000169a0                stbi_load
 *fill*         0x0000000000016a2c        0x4 
 .text.load_enemy_sprite_pool
                0x0000000000016a30      0x110 main.o
 .text.load_backgrounds
                0x0000000000016b40      0x1bc main.o
 *fill*         0x0000000000016cfc        0x4 
 .text._appletInfiniteSleepLoop
                0x0000000000016d00       0x18 C:/devkitPro/libnx/lib\libnx.a(applet.o)
 *fill*         0x0000000000016d18        0x8 
 .text._appletCmdGetSession
                0x0000000000016d20      0x108 C:/devkitPro/libnx/lib\libnx.a(applet.o)
 *fill*         0x0000000000016e28        0x8 
 .text._appletCmdInU8NoOut
                0x0000000000016e30       0xcc C:/devkitPro/libnx/lib\libnx.a(applet.o)
 *fill*         0x0000000000016efc        0x4 
 .text._appletCmdInU32NoOut
                0x0000000000016f00       0xcc C:/devkitPro/libnx/lib\libnx.a(applet.o)
 *fill*         0x0000000000016fcc        0x4 
 .text._appletGetSessionProxy.constprop.0
                0x0000000000016fd0      0x12c C:/devkitPro/libnx/lib\libnx.a(applet.o)
 *fill*         0x00000000000170fc        0x4 
 .text._appletOpenLibraryAppletProxy.constprop.0
                0x0000000000017100      0x148 C:/devkitPro/libnx/lib\libnx.a(applet.o)
 *fill*         0x0000000000017248        0x8 
 .text._appletCmdGetEvent
                0x0000000000017250       0xf8 C:/devkitPro/libnx/lib\libnx.a(applet.o)
 *fill*         0x0000000000017348        0x8 
 .text._appletCmdNoInOutU8.isra.0
                0x0000000000017350       0xd4 C:/devkitPro/libnx/lib\libnx.a(applet.o)
 *fill*         0x0000000000017424        0xc 
 .text._appletCmdNoInOutU32.isra.0
                0x0000000000017430       0xd4 C:/devkitPro/libnx/lib\libnx.a(applet.o)
 *fill*         0x0000000000017504        0xc 
 .text._appletCmdNoInOutU64.isra.0
                0x0000000000017510       0xd4 C:/devkitPro/libnx/lib\libnx.a(applet.o)
 *fill*         0x00000000000175e4        0xc 
 .text._appletCmdNoIO.isra.0
                0x00000000000175f0       0xc0 C:/devkitPro/libnx/lib\libnx.a(applet.o)
 .text.appletGetAppletType
                0x00000000000176b0       0x10 C:/devkitPro/libnx/lib\libnx.a(applet.o)
                0x00000000000176b0                appletGetAppletType
 .text.appletSetFocusHandlingMode
                0x00000000000176c0      0x1b8 C:/devkitPro/libnx/lib\libnx.a(applet.o)
                0x00000000000176c0                appletSetFocusHandlingMode
 *fill*         0x0000000000017878        0x8 
 .text.appletSetCpuBoostMode
                0x0000000000017880       0x5c C:/devkitPro/libnx/lib\libnx.a(applet.o)
                0x0000000000017880                appletSetCpuBoostMode
 *fill*         0x00000000000178dc        0x4 
 .text.appletCreateManagedDisplayLayer
                0x00000000000178e0       0x2c C:/devkitPro/libnx/lib\libnx.a(applet.o)
                0x00000000000178e0                appletCreateManagedDisplayLayer
 *fill*         0x000000000001790c        0x4 
 .text.appletGetAppletResourceUserId
                0x0000000000017910        0xc C:/devkitPro/libnx/lib\libnx.a(applet.o)
                0x0000000000017910                appletGetAppletResourceUserId
 *fill*         0x000000000001791c        0x4 
 .text._appletHolderCreateState
                0x0000000000017920      0x138 C:/devkitPro/libnx/lib\libnx.a(applet.o)
 *fill*         0x0000000000017a58        0x8 
 .text.appletHolderClose
                0x0000000000017a60       0xb0 C:/devkitPro/libnx/lib\libnx.a(applet.o)
                0x0000000000017a60                appletHolderClose
 .text.appletHolderGetLibraryAppletInfo
                0x0000000000017b10       0x24 C:/devkitPro/libnx/lib\libnx.a(applet.o)
                0x0000000000017b10                appletHolderGetLibraryAppletInfo
 *fill*         0x0000000000017b34        0xc 
 .text.appletNotifyRunning
                0x0000000000017b40       0x90 C:/devkitPro/libnx/lib\libnx.a(applet.o)
                0x0000000000017b40                appletNotifyRunning
 .text.appletSetGamePlayRecordingState
                0x0000000000017bd0       0x78 C:/devkitPro/libnx/lib\libnx.a(applet.o)
                0x0000000000017bd0                appletSetGamePlayRecordingState
 *fill*         0x0000000000017c48        0x8 
 .text._appletCleanup
                0x0000000000017c50      0xad4 C:/devkitPro/libnx/lib\libnx.a(applet.o)
 *fill*         0x0000000000018724        0xc 
 .text.appletExit
                0x0000000000018730       0x48 C:/devkitPro/libnx/lib\libnx.a(applet.o)
                0x0000000000018730                appletExit
 *fill*         0x0000000000018778        0x8 
 .text.appletGetLibraryAppletInfo
                0x0000000000018780       0x40 C:/devkitPro/libnx/lib\libnx.a(applet.o)
                0x0000000000018780                appletGetLibraryAppletInfo
 .text.appletInitialize
                0x00000000000187c0      0xc14 C:/devkitPro/libnx/lib\libnx.a(applet.o)
                0x00000000000187c0                appletInitialize
 *fill*         0x00000000000193d4        0xc 
 .text._appletExitProcess
                0x00000000000193e0       0x24 C:/devkitPro/libnx/lib\libnx.a(applet.o)
 *fill*         0x0000000000019404        0xc 
 .text.appletGetMessage
                0x0000000000019410       0x74 C:/devkitPro/libnx/lib\libnx.a(applet.o)
                0x0000000000019410                appletGetMessage
 *fill*         0x0000000000019484        0xc 
 .text.appletProcessMessage
                0x0000000000019490      0x264 C:/devkitPro/libnx/lib\libnx.a(applet.o)
                0x0000000000019490                appletProcessMessage
 *fill*         0x00000000000196f4        0xc 
 .text.appletMainLoop
                0x0000000000019700       0x34 C:/devkitPro/libnx/lib\libnx.a(applet.o)
                0x0000000000019700                appletMainLoop
 *fill*         0x0000000000019734        0xc 
 .text._hidCleanup
                0x0000000000019740      0x12c C:/devkitPro/libnx/lib\libnx.a(hid.o)
 *fill*         0x000000000001986c        0x4 
 .text._hidCmdInAruidNoOut
                0x0000000000019870       0xd4 C:/devkitPro/libnx/lib\libnx.a(hid.o)
 *fill*         0x0000000000019944        0xc 
 .text._hidCmdInU32AruidNoOut
                0x0000000000019950       0xe0 C:/devkitPro/libnx/lib\libnx.a(hid.o)
 .text._hidGetStates
                0x0000000000019a30      0x194 C:/devkitPro/libnx/lib\libnx.a(hid.o)
 *fill*         0x0000000000019bc4        0xc 
 .text.hidInitialize
                0x0000000000019bd0      0x26c C:/devkitPro/libnx/lib\libnx.a(hid.o)
                0x0000000000019bd0                hidInitialize
 *fill*         0x0000000000019e3c        0x4 
 .text.hidExit  0x0000000000019e40       0x48 C:/devkitPro/libnx/lib\libnx.a(hid.o)
                0x0000000000019e40                hidExit
 *fill*         0x0000000000019e88        0x8 
 .text.hidGetSharedmemAddr
                0x0000000000019e90        0xc C:/devkitPro/libnx/lib\libnx.a(hid.o)
                0x0000000000019e90                hidGetSharedmemAddr
 *fill*         0x0000000000019e9c        0x4 
 .text.hidGetNpadStyleSet
                0x0000000000019ea0       0x90 C:/devkitPro/libnx/lib\libnx.a(hid.o)
                0x0000000000019ea0                hidGetNpadStyleSet
 .text.hidGetTouchScreenStates
                0x0000000000019f30       0x88 C:/devkitPro/libnx/lib\libnx.a(hid.o)
                0x0000000000019f30                hidGetTouchScreenStates
 *fill*         0x0000000000019fb8        0x8 
 .text.hidInitializeNpad
                0x0000000000019fc0       0x84 C:/devkitPro/libnx/lib\libnx.a(hid.o)
                0x0000000000019fc0                hidInitializeNpad
 *fill*         0x000000000001a044        0xc 
 .text.hidGetNpadStatesFullKey
                0x000000000001a050       0xa4 C:/devkitPro/libnx/lib\libnx.a(hid.o)
                0x000000000001a050                hidGetNpadStatesFullKey
 *fill*         0x000000000001a0f4        0xc 
 .text.hidGetNpadStatesHandheld
                0x000000000001a100       0xa4 C:/devkitPro/libnx/lib\libnx.a(hid.o)
                0x000000000001a100                hidGetNpadStatesHandheld
 *fill*         0x000000000001a1a4        0xc 
 .text.hidGetNpadStatesJoyDual
                0x000000000001a1b0       0xa4 C:/devkitPro/libnx/lib\libnx.a(hid.o)
                0x000000000001a1b0                hidGetNpadStatesJoyDual
 *fill*         0x000000000001a254        0xc 
 .text.hidGetNpadStatesJoyLeft
                0x000000000001a260       0xa4 C:/devkitPro/libnx/lib\libnx.a(hid.o)
                0x000000000001a260                hidGetNpadStatesJoyLeft
 *fill*         0x000000000001a304        0xc 
 .text.hidGetNpadStatesJoyRight
                0x000000000001a310       0xa4 C:/devkitPro/libnx/lib\libnx.a(hid.o)
                0x000000000001a310                hidGetNpadStatesJoyRight
 *fill*         0x000000000001a3b4        0xc 
 .text.hidGetNpadStatesGc
                0x000000000001a3c0      0x144 C:/devkitPro/libnx/lib\libnx.a(hid.o)
                0x000000000001a3c0                hidGetNpadStatesGc
 *fill*         0x000000000001a504        0xc 
 .text.hidGetNpadStatesSystemExt
                0x000000000001a510       0xa8 C:/devkitPro/libnx/lib\libnx.a(hid.o)
                0x000000000001a510                hidGetNpadStatesSystemExt
 *fill*         0x000000000001a5b8        0x8 
 .text.hidSetSupportedNpadStyleSet
                0x000000000001a5c0        0x8 C:/devkitPro/libnx/lib\libnx.a(hid.o)
                0x000000000001a5c0                hidSetSupportedNpadStyleSet
 *fill*         0x000000000001a5c8        0x8 
 .text.hidSetSupportedNpadIdType
                0x000000000001a5d0      0x100 C:/devkitPro/libnx/lib\libnx.a(hid.o)
                0x000000000001a5d0                hidSetSupportedNpadIdType
 .text._smCmifCmdInPid
                0x000000000001a6d0       0xcc C:/devkitPro/libnx/lib\libnx.a(sm.o)
 *fill*         0x000000000001a79c        0x4 
 .text._smCleanup
                0x000000000001a7a0       0x78 C:/devkitPro/libnx/lib\libnx.a(sm.o)
 *fill*         0x000000000001a818        0x8 
 .text.smAddOverrideHandle
                0x000000000001a820       0x48 C:/devkitPro/libnx/lib\libnx.a(sm.o)
                0x000000000001a820                smAddOverrideHandle
 *fill*         0x000000000001a868        0x8 
 .text.smGetServiceOverride
                0x000000000001a870       0x54 C:/devkitPro/libnx/lib\libnx.a(sm.o)
                0x000000000001a870                smGetServiceOverride
 *fill*         0x000000000001a8c4        0xc 
 .text.smInitialize
                0x000000000001a8d0      0x1ac C:/devkitPro/libnx/lib\libnx.a(sm.o)
                0x000000000001a8d0                smInitialize
 *fill*         0x000000000001aa7c        0x4 
 .text.smExit   0x000000000001aa80       0x48 C:/devkitPro/libnx/lib\libnx.a(sm.o)
                0x000000000001aa80                smExit
 *fill*         0x000000000001aac8        0x8 
 .text.smGetServiceOriginal
                0x000000000001aad0       0xd0 C:/devkitPro/libnx/lib\libnx.a(sm.o)
                0x000000000001aad0                smGetServiceOriginal
 .text.smGetServiceWrapper
                0x000000000001aba0      0x120 C:/devkitPro/libnx/lib\libnx.a(sm.o)
                0x000000000001aba0                smGetServiceWrapper
 .text.nwindowGetDefault
                0x000000000001acc0        0xc C:/devkitPro/libnx/lib\libnx.a(default_window.o)
                0x000000000001acc0                nwindowGetDefault
 *fill*         0x000000000001accc        0x4 
 .text.__nx_win_init
                0x000000000001acd0       0xa4 C:/devkitPro/libnx/lib\libnx.a(default_window.o)
                0x000000000001acd0                __nx_win_init
 *fill*         0x000000000001ad74        0xc 
 .text.__nx_win_exit
                0x000000000001ad80       0x34 C:/devkitPro/libnx/lib\libnx.a(default_window.o)
                0x000000000001ad80                __nx_win_exit
 *fill*         0x000000000001adb4        0xc 
 .text.framebufferMakeLinear
                0x000000000001adc0       0x8c C:/devkitPro/libnx/lib\libnx.a(framebuffer.o)
                0x000000000001adc0                framebufferMakeLinear
 *fill*         0x000000000001ae4c        0x4 
 .text.framebufferClose
                0x000000000001ae50       0x84 C:/devkitPro/libnx/lib\libnx.a(framebuffer.o)
                0x000000000001ae50                framebufferClose
 *fill*         0x000000000001aed4        0xc 
 .text.framebufferCreate
                0x000000000001aee0      0x290 C:/devkitPro/libnx/lib\libnx.a(framebuffer.o)
                0x000000000001aee0                framebufferCreate
 .text.framebufferBegin
                0x000000000001b170       0x7c C:/devkitPro/libnx/lib\libnx.a(framebuffer.o)
                0x000000000001b170                framebufferBegin
 *fill*         0x000000000001b1ec        0x4 
 .text.framebufferEnd
                0x000000000001b1f0      0x198 C:/devkitPro/libnx/lib\libnx.a(framebuffer.o)
                0x000000000001b1f0                framebufferEnd
 *fill*         0x000000000001b388        0x8 
 .text.nwindowIsValid
                0x000000000001b390       0x24 C:/devkitPro/libnx/lib\libnx.a(native_window.o)
                0x000000000001b390                nwindowIsValid
 *fill*         0x000000000001b3b4        0xc 
 .text.nwindowClose
                0x000000000001b3c0       0x7c C:/devkitPro/libnx/lib\libnx.a(native_window.o)
                0x000000000001b3c0                nwindowClose
 *fill*         0x000000000001b43c        0x4 
 .text.nwindowCreate
                0x000000000001b440       0xf8 C:/devkitPro/libnx/lib\libnx.a(native_window.o)
                0x000000000001b440                nwindowCreate
 *fill*         0x000000000001b538        0x8 
 .text.nwindowCreateFromLayer
                0x000000000001b540       0x38 C:/devkitPro/libnx/lib\libnx.a(native_window.o)
                0x000000000001b540                nwindowCreateFromLayer
 *fill*         0x000000000001b578        0x8 
 .text.nwindowSetDimensions
                0x000000000001b580       0x84 C:/devkitPro/libnx/lib\libnx.a(native_window.o)
                0x000000000001b580                nwindowSetDimensions
 *fill*         0x000000000001b604        0xc 
 .text.nwindowConfigureBuffer
                0x000000000001b610      0x180 C:/devkitPro/libnx/lib\libnx.a(native_window.o)
                0x000000000001b610                nwindowConfigureBuffer
 .text.nwindowDequeueBuffer
                0x000000000001b790      0x1cc C:/devkitPro/libnx/lib\libnx.a(native_window.o)
                0x000000000001b790                nwindowDequeueBuffer
 *fill*         0x000000000001b95c        0x4 
 .text.nwindowQueueBuffer
                0x000000000001b960      0x12c C:/devkitPro/libnx/lib\libnx.a(native_window.o)
                0x000000000001b960                nwindowQueueBuffer
 *fill*         0x000000000001ba8c        0x4 
 .text.nwindowReleaseBuffers
                0x000000000001ba90       0xbc C:/devkitPro/libnx/lib\libnx.a(native_window.o)
                0x000000000001ba90                nwindowReleaseBuffers
 *fill*         0x000000000001bb4c        0x4 
 .text.__libnx_alloc
                0x000000000001bb50        0x4 C:/devkitPro/libnx/lib\libnx.a(alloc.o)
                0x000000000001bb50                __libnx_alloc
 *fill*         0x000000000001bb54        0xc 
 .text.__libnx_aligned_alloc
                0x000000000001bb60       0x14 C:/devkitPro/libnx/lib\libnx.a(alloc.o)
                0x000000000001bb60                __libnx_aligned_alloc
 *fill*         0x000000000001bb74        0xc 
 .text.__libnx_free
                0x000000000001bb80        0x4 C:/devkitPro/libnx/lib\libnx.a(alloc.o)
                0x000000000001bb80                __libnx_free
 *fill*         0x000000000001bb84        0xc 
 .text.diagAbortWithResult
                0x000000000001bb90       0x1c C:/devkitPro/libnx/lib\libnx.a(diag.o)
                0x000000000001bb90                diagAbortWithResult
 *fill*         0x000000000001bbac        0x4 
 .text.envSetup
                0x000000000001bbb0      0x208 C:/devkitPro/libnx/lib\libnx.a(env.o)
                0x000000000001bbb0                envSetup
 *fill*         0x000000000001bdb8        0x8 
 .text.envGetMainThreadHandle
                0x000000000001bdc0       0x20 C:/devkitPro/libnx/lib\libnx.a(env.o)
                0x000000000001bdc0                envGetMainThreadHandle
 .text.envIsNso
                0x000000000001bde0        0xc C:/devkitPro/libnx/lib\libnx.a(env.o)
                0x000000000001bde0                envIsNso
 *fill*         0x000000000001bdec        0x4 
 .text.envHasHeapOverride
                0x000000000001bdf0       0x14 C:/devkitPro/libnx/lib\libnx.a(env.o)
                0x000000000001bdf0                envHasHeapOverride
 *fill*         0x000000000001be04        0xc 
 .text.envGetHeapOverrideAddr
                0x000000000001be10        0xc C:/devkitPro/libnx/lib\libnx.a(env.o)
                0x000000000001be10                envGetHeapOverrideAddr
 *fill*         0x000000000001be1c        0x4 
 .text.envGetHeapOverrideSize
                0x000000000001be20        0xc C:/devkitPro/libnx/lib\libnx.a(env.o)
                0x000000000001be20                envGetHeapOverrideSize
 *fill*         0x000000000001be2c        0x4 
 .text.envHasArgv
                0x000000000001be30       0x14 C:/devkitPro/libnx/lib\libnx.a(env.o)
                0x000000000001be30                envHasArgv
 *fill*         0x000000000001be44        0xc 
 .text.envGetArgv
                0x000000000001be50        0xc C:/devkitPro/libnx/lib\libnx.a(env.o)
                0x000000000001be50                envGetArgv
 *fill*         0x000000000001be5c        0x4 
 .text.envGetExitFuncPtr
                0x000000000001be60        0xc C:/devkitPro/libnx/lib\libnx.a(env.o)
                0x000000000001be60                envGetExitFuncPtr
 *fill*         0x000000000001be6c        0x4 
 .text.envSetExitFuncPtr
                0x000000000001be70        0xc C:/devkitPro/libnx/lib\libnx.a(env.o)
                0x000000000001be70                envSetExitFuncPtr
 *fill*         0x000000000001be7c        0x4 
 .text.envHasRandomSeed
                0x000000000001be80        0xc C:/devkitPro/libnx/lib\libnx.a(env.o)
                0x000000000001be80                envHasRandomSeed
 *fill*         0x000000000001be8c        0x4 
 .text.envGetRandomSeed
                0x000000000001be90       0x10 C:/devkitPro/libnx/lib\libnx.a(env.o)
                0x000000000001be90                envGetRandomSeed
 .text.hosversionGet
                0x000000000001bea0       0x14 C:/devkitPro/libnx/lib\libnx.a(hosversion.o)
                0x000000000001bea0                hosversionGet
 *fill*         0x000000000001beb4        0xc 
 .text.hosversionSet
                0x000000000001bec0       0x10 C:/devkitPro/libnx/lib\libnx.a(hosversion.o)
                0x000000000001bec0                hosversionSet
 .text.padConfigureInput
                0x000000000001bed0       0x9c C:/devkitPro/libnx/lib\libnx.a(pad.o)
                0x000000000001bed0                padConfigureInput
 *fill*         0x000000000001bf6c        0x4 
 .text.padInitializeWithMask
                0x000000000001bf70       0x24 C:/devkitPro/libnx/lib\libnx.a(pad.o)
                0x000000000001bf70                padInitializeWithMask
 *fill*         0x000000000001bf94        0xc 
 .text.padUpdate
                0x000000000001bfa0      0x29c C:/devkitPro/libnx/lib\libnx.a(pad.o)
                0x000000000001bfa0                padUpdate
 *fill*         0x000000000001c23c        0x4 
 .text.romfs_close
                0x000000000001c240        0x8 C:/devkitPro/libnx/lib\libnx.a(romfs_dev.o)
 *fill*         0x000000000001c248        0x8 
 .text.romfs_seek
                0x000000000001c250       0x88 C:/devkitPro/libnx/lib\libnx.a(romfs_dev.o)
 *fill*         0x000000000001c2d8        0x8 
 .text.romfs_dirreset
                0x000000000001c2e0       0x1c C:/devkitPro/libnx/lib\libnx.a(romfs_dev.o)
 *fill*         0x000000000001c2fc        0x4 
 .text.fillDir  0x000000000001c300      0x100 C:/devkitPro/libnx/lib\libnx.a(romfs_dev.o)
 .text.romfs_dirnext
                0x000000000001c400      0x2b0 C:/devkitPro/libnx/lib\libnx.a(romfs_dev.o)
 .text.searchForDir
                0x000000000001c6b0      0x150 C:/devkitPro/libnx/lib\libnx.a(romfs_dev.o)
 .text.searchForFile
                0x000000000001c800      0x150 C:/devkitPro/libnx/lib\libnx.a(romfs_dev.o)
 .text._romfs_read_safe
                0x000000000001c950      0x150 C:/devkitPro/libnx/lib\libnx.a(romfs_dev.o)
 .text._romfs_read
                0x000000000001caa0       0xb8 C:/devkitPro/libnx/lib\libnx.a(romfs_dev.o)
 *fill*         0x000000000001cb58        0x8 
 .text.romfs_read
                0x000000000001cb60       0x80 C:/devkitPro/libnx/lib\libnx.a(romfs_dev.o)
 .text.romfs_free
                0x000000000001cbe0       0xb4 C:/devkitPro/libnx/lib\libnx.a(romfs_dev.o)
 *fill*         0x000000000001cc94        0xc 
 .text.navigateToDir.constprop.0
                0x000000000001cca0      0x1f4 C:/devkitPro/libnx/lib\libnx.a(romfs_dev.o)
 *fill*         0x000000000001ce94        0xc 
 .text.romfs_open
                0x000000000001cea0      0x108 C:/devkitPro/libnx/lib\libnx.a(romfs_dev.o)
 *fill*         0x000000000001cfa8        0x8 
 .text.romfs_stat
                0x000000000001cfb0      0x1a0 C:/devkitPro/libnx/lib\libnx.a(romfs_dev.o)
 .text.romfs_chdir
                0x000000000001d150       0x54 C:/devkitPro/libnx/lib\libnx.a(romfs_dev.o)
 *fill*         0x000000000001d1a4        0xc 
 .text.romfs_diropen
                0x000000000001d1b0       0x84 C:/devkitPro/libnx/lib\libnx.a(romfs_dev.o)
 *fill*         0x000000000001d234        0xc 
 .text.romfs_dirclose
                0x000000000001d240        0x8 C:/devkitPro/libnx/lib\libnx.a(romfs_dev.o)
 *fill*         0x000000000001d248        0x8 
 .text.romfsFindMount
                0x000000000001d250      0x188 C:/devkitPro/libnx/lib\libnx.a(romfs_dev.o)
 *fill*         0x000000000001d3d8        0x8 
 .text.romfs_fstat
                0x000000000001d3e0       0x70 C:/devkitPro/libnx/lib\libnx.a(romfs_dev.o)
 .text.romfsMountCommon
                0x000000000001d450      0x1b0 C:/devkitPro/libnx/lib\libnx.a(romfs_dev.o)
 .text.romfsMountFromFile
                0x000000000001d600       0x68 C:/devkitPro/libnx/lib\libnx.a(romfs_dev.o)
                0x000000000001d600                romfsMountFromFile
 *fill*         0x000000000001d668        0x8 
 .text.romfsMountFromStorage
                0x000000000001d670       0x6c C:/devkitPro/libnx/lib\libnx.a(romfs_dev.o)
                0x000000000001d670                romfsMountFromStorage
 *fill*         0x000000000001d6dc        0x4 
 .text.romfsMountFromCurrentProcess
                0x000000000001d6e0       0x38 C:/devkitPro/libnx/lib\libnx.a(romfs_dev.o)
                0x000000000001d6e0                romfsMountFromCurrentProcess
 *fill*         0x000000000001d718        0x8 
 .text.romfsMountSelf
                0x000000000001d720      0x188 C:/devkitPro/libnx/lib\libnx.a(romfs_dev.o)
                0x000000000001d720                romfsMountSelf
 *fill*         0x000000000001d8a8        0x8 
 .text.romfsUnmount
                0x000000000001d8b0       0xa8 C:/devkitPro/libnx/lib\libnx.a(romfs_dev.o)
                0x000000000001d8b0                romfsUnmount
 .text.armDCacheFlush
                0x000000000001d958       0x4c C:/devkitPro/libnx/lib\libnx.a(cache.o)
                0x000000000001d958                armDCacheFlush
 .text.svcSetHeapSize
                0x000000000001d9a4       0x14 C:/devkitPro/libnx/lib\libnx.a(svc.o)
                0x000000000001d9a4                svcSetHeapSize
 .text.svcSetMemoryPermission
                0x000000000001d9b8        0x8 C:/devkitPro/libnx/lib\libnx.a(svc.o)
                0x000000000001d9b8                svcSetMemoryPermission
 .text.svcSetMemoryAttribute
                0x000000000001d9c0        0x8 C:/devkitPro/libnx/lib\libnx.a(svc.o)
                0x000000000001d9c0                svcSetMemoryAttribute
 .text.svcUnmapMemory
                0x000000000001d9c8        0x8 C:/devkitPro/libnx/lib\libnx.a(svc.o)
                0x000000000001d9c8                svcUnmapMemory
 .text.svcQueryMemory
                0x000000000001d9d0       0x14 C:/devkitPro/libnx/lib\libnx.a(svc.o)
                0x000000000001d9d0                svcQueryMemory
 .text.svcExitProcess
                0x000000000001d9e4        0x8 C:/devkitPro/libnx/lib\libnx.a(svc.o)
                0x000000000001d9e4                svcExitProcess
 .text.svcSleepThread
                0x000000000001d9ec        0x8 C:/devkitPro/libnx/lib\libnx.a(svc.o)
                0x000000000001d9ec                svcSleepThread
 .text.svcMapSharedMemory
                0x000000000001d9f4        0x8 C:/devkitPro/libnx/lib\libnx.a(svc.o)
                0x000000000001d9f4                svcMapSharedMemory
 .text.svcUnmapSharedMemory
                0x000000000001d9fc        0x8 C:/devkitPro/libnx/lib\libnx.a(svc.o)
                0x000000000001d9fc                svcUnmapSharedMemory
 .text.svcCreateTransferMemory
                0x000000000001da04       0x14 C:/devkitPro/libnx/lib\libnx.a(svc.o)
                0x000000000001da04                svcCreateTransferMemory
 .text.svcCloseHandle
                0x000000000001da18        0x8 C:/devkitPro/libnx/lib\libnx.a(svc.o)
                0x000000000001da18                svcCloseHandle
 .text.svcResetSignal
                0x000000000001da20        0x8 C:/devkitPro/libnx/lib\libnx.a(svc.o)
                0x000000000001da20                svcResetSignal
 .text.svcWaitSynchronization
                0x000000000001da28       0x14 C:/devkitPro/libnx/lib\libnx.a(svc.o)
                0x000000000001da28                svcWaitSynchronization
 .text.svcArbitrateLock
                0x000000000001da3c        0x8 C:/devkitPro/libnx/lib\libnx.a(svc.o)
                0x000000000001da3c                svcArbitrateLock
 .text.svcArbitrateUnlock
                0x000000000001da44        0x8 C:/devkitPro/libnx/lib\libnx.a(svc.o)
                0x000000000001da44                svcArbitrateUnlock
 .text.svcWaitProcessWideKeyAtomic
                0x000000000001da4c        0x8 C:/devkitPro/libnx/lib\libnx.a(svc.o)
                0x000000000001da4c                svcWaitProcessWideKeyAtomic
 .text.svcSignalProcessWideKey
                0x000000000001da54        0x8 C:/devkitPro/libnx/lib\libnx.a(svc.o)
                0x000000000001da54                svcSignalProcessWideKey
 .text.svcGetSystemTick
                0x000000000001da5c        0x8 C:/devkitPro/libnx/lib\libnx.a(svc.o)
                0x000000000001da5c                svcGetSystemTick
 .text.svcConnectToNamedPort
                0x000000000001da64       0x14 C:/devkitPro/libnx/lib\libnx.a(svc.o)
                0x000000000001da64                svcConnectToNamedPort
 .text.svcSendSyncRequest
                0x000000000001da78        0x8 C:/devkitPro/libnx/lib\libnx.a(svc.o)
                0x000000000001da78                svcSendSyncRequest
 .text.svcBreak
                0x000000000001da80        0x8 C:/devkitPro/libnx/lib\libnx.a(svc.o)
                0x000000000001da80                svcBreak
 .text.svcReturnFromException
                0x000000000001da88        0x8 C:/devkitPro/libnx/lib\libnx.a(svc.o)
                0x000000000001da88                svcReturnFromException
 .text.svcGetInfo
                0x000000000001da90       0x14 C:/devkitPro/libnx/lib\libnx.a(svc.o)
                0x000000000001da90                svcGetInfo
 .text.svcUnmapTransferMemory
                0x000000000001daa4        0x8 C:/devkitPro/libnx/lib\libnx.a(svc.o)
                0x000000000001daa4                svcUnmapTransferMemory
 .text.__aarch64_read_tp
                0x000000000001daac        0xc C:/devkitPro/libnx/lib\libnx.a(readtp.o)
                0x000000000001daac                __aarch64_read_tp
 *fill*         0x000000000001dab8        0x8 
 .text.eventLoadRemote
                0x000000000001dac0        0xc C:/devkitPro/libnx/lib\libnx.a(event.o)
                0x000000000001dac0                eventLoadRemote
 *fill*         0x000000000001dacc        0x4 
 .text.eventWait
                0x000000000001dad0       0x34 C:/devkitPro/libnx/lib\libnx.a(event.o)
                0x000000000001dad0                eventWait
 *fill*         0x000000000001db04        0xc 
 .text.eventClose
                0x000000000001db10       0x54 C:/devkitPro/libnx/lib\libnx.a(event.o)
                0x000000000001db10                eventClose
 *fill*         0x000000000001db64        0xc 
 .text.mutexLock
                0x000000000001db70       0xc8 C:/devkitPro/libnx/lib\libnx.a(mutex.o)
                0x000000000001db70                mutexLock
 *fill*         0x000000000001dc38        0x8 
 .text.mutexUnlock
                0x000000000001dc40       0x68 C:/devkitPro/libnx/lib\libnx.a(mutex.o)
                0x000000000001dc40                mutexUnlock
 *fill*         0x000000000001dca8        0x8 
 .text.mutexIsLockedByCurrentThread
                0x000000000001dcb0       0x1c C:/devkitPro/libnx/lib\libnx.a(mutex.o)
                0x000000000001dcb0                mutexIsLockedByCurrentThread
 *fill*         0x000000000001dccc        0x4 
 .text.rmutexLock
                0x000000000001dcd0       0x50 C:/devkitPro/libnx/lib\libnx.a(mutex.o)
                0x000000000001dcd0                rmutexLock
 .text.rmutexUnlock
                0x000000000001dd20       0x18 C:/devkitPro/libnx/lib\libnx.a(mutex.o)
                0x000000000001dd20                rmutexUnlock
 *fill*         0x000000000001dd38        0x8 
 .text.shmemLoadRemote
                0x000000000001dd40       0x14 C:/devkitPro/libnx/lib\libnx.a(shmem.o)
                0x000000000001dd40                shmemLoadRemote
 *fill*         0x000000000001dd54        0xc 
 .text.shmemMap
                0x000000000001dd60       0x70 C:/devkitPro/libnx/lib\libnx.a(shmem.o)
                0x000000000001dd60                shmemMap
 .text.shmemUnmap
                0x000000000001ddd0       0x34 C:/devkitPro/libnx/lib\libnx.a(shmem.o)
                0x000000000001ddd0                shmemUnmap
 *fill*         0x000000000001de04        0xc 
 .text.shmemClose
                0x000000000001de10       0x4c C:/devkitPro/libnx/lib\libnx.a(shmem.o)
                0x000000000001de10                shmemClose
 *fill*         0x000000000001de5c        0x4 
 .text.tmemCreate
                0x000000000001de60       0xa8 C:/devkitPro/libnx/lib\libnx.a(tmem.o)
                0x000000000001de60                tmemCreate
 *fill*         0x000000000001df08        0x8 
 .text.tmemUnmap
                0x000000000001df10       0x34 C:/devkitPro/libnx/lib\libnx.a(tmem.o)
                0x000000000001df10                tmemUnmap
 *fill*         0x000000000001df44        0xc 
 .text.tmemCloseHandle
                0x000000000001df50       0x30 C:/devkitPro/libnx/lib\libnx.a(tmem.o)
                0x000000000001df50                tmemCloseHandle
 .text.tmemWaitForPermission
                0x000000000001df80       0x9c C:/devkitPro/libnx/lib\libnx.a(tmem.o)
                0x000000000001df80                tmemWaitForPermission
 *fill*         0x000000000001e01c        0x4 
 .text.tmemClose
                0x000000000001e020       0x50 C:/devkitPro/libnx/lib\libnx.a(tmem.o)
                0x000000000001e020                tmemClose
 .text._memregionInitWithInfo
                0x000000000001e070       0x64 C:/devkitPro/libnx/lib\libnx.a(virtmem.o)
 *fill*         0x000000000001e0d4        0xc 
 .text.__libnx_virtmem_rng
                0x000000000001e0e0        0x4 C:/devkitPro/libnx/lib\libnx.a(virtmem.o)
                0x000000000001e0e0                __libnx_virtmem_rng
 *fill*         0x000000000001e0e4        0xc 
 .text._memregionFindRandom
                0x000000000001e0f0      0x164 C:/devkitPro/libnx/lib\libnx.a(virtmem.o)
 *fill*         0x000000000001e254        0xc 
 .text.virtmemSetup
                0x000000000001e260      0x140 C:/devkitPro/libnx/lib\libnx.a(virtmem.o)
                0x000000000001e260                virtmemSetup
 .text.virtmemLock
                0x000000000001e3a0        0xc C:/devkitPro/libnx/lib\libnx.a(virtmem.o)
                0x000000000001e3a0                virtmemLock
 *fill*         0x000000000001e3ac        0x4 
 .text.virtmemUnlock
                0x000000000001e3b0        0xc C:/devkitPro/libnx/lib\libnx.a(virtmem.o)
                0x000000000001e3b0                virtmemUnlock
 *fill*         0x000000000001e3bc        0x4 
 .text.virtmemFindAslr
                0x000000000001e3c0       0x50 C:/devkitPro/libnx/lib\libnx.a(virtmem.o)
                0x000000000001e3c0                virtmemFindAslr
 .text.waitObjects
                0x000000000001e410      0x57c C:/devkitPro/libnx/lib\libnx.a(wait.o)
                0x000000000001e410                waitObjects
 *fill*         0x000000000001e98c        0x4 
 .text._apmCleanup
                0x000000000001e990       0xd4 C:/devkitPro/libnx/lib\libnx.a(apm.o)
 *fill*         0x000000000001ea64        0xc 
 .text.apmInitialize
                0x000000000001ea70      0x194 C:/devkitPro/libnx/lib\libnx.a(apm.o)
                0x000000000001ea70                apmInitialize
 *fill*         0x000000000001ec04        0xc 
 .text.apmExit  0x000000000001ec10       0x48 C:/devkitPro/libnx/lib\libnx.a(apm.o)
                0x000000000001ec10                apmExit
 *fill*         0x000000000001ec58        0x8 
 .text.apmSetPerformanceConfiguration
                0x000000000001ec60       0xc8 C:/devkitPro/libnx/lib\libnx.a(apm.o)
                0x000000000001ec60                apmSetPerformanceConfiguration
 *fill*         0x000000000001ed28        0x8 
 .text._fsCleanup
                0x000000000001ed30       0xb4 C:/devkitPro/libnx/lib\libnx.a(fs.o)
 *fill*         0x000000000001ede4        0xc 
 .text._fsCmdNoIO
                0x000000000001edf0      0x1c0 C:/devkitPro/libnx/lib\libnx.a(fs.o)
 .text._fsFsCmdWithInPath
                0x000000000001efb0      0x1e0 C:/devkitPro/libnx/lib\libnx.a(fs.o)
 .text._fsFsCmdWithTwoInPaths
                0x000000000001f190      0x1f8 C:/devkitPro/libnx/lib\libnx.a(fs.o)
 *fill*         0x000000000001f388        0x8 
 .text._fsFsOpenCommon
                0x000000000001f390      0x28c C:/devkitPro/libnx/lib\libnx.a(fs.o)
 *fill*         0x000000000001f61c        0x4 
 .text._fsFsCmdWithInPathAndOutU64
                0x000000000001f620      0x1fc C:/devkitPro/libnx/lib\libnx.a(fs.o)
 *fill*         0x000000000001f81c        0x4 
 .text._fsObjectClose
                0x000000000001f820       0xf8 C:/devkitPro/libnx/lib\libnx.a(fs.o)
 *fill*         0x000000000001f918        0x8 
 .text._fsCmdGetSession.constprop.0
                0x000000000001f920      0x17c C:/devkitPro/libnx/lib\libnx.a(fs.o)
 *fill*         0x000000000001fa9c        0x4 
 .text.fsInitialize
                0x000000000001faa0      0x2f8 C:/devkitPro/libnx/lib\libnx.a(fs.o)
                0x000000000001faa0                fsInitialize
 *fill*         0x000000000001fd98        0x8 
 .text.fsExit   0x000000000001fda0       0x48 C:/devkitPro/libnx/lib\libnx.a(fs.o)
                0x000000000001fda0                fsExit
 *fill*         0x000000000001fde8        0x8 
 .text.fsOpenSdCardFileSystem
                0x000000000001fdf0        0x8 C:/devkitPro/libnx/lib\libnx.a(fs.o)
                0x000000000001fdf0                fsOpenSdCardFileSystem
 *fill*         0x000000000001fdf8        0x8 
 .text.fsOpenDataStorageByCurrentProcess
                0x000000000001fe00        0x8 C:/devkitPro/libnx/lib\libnx.a(fs.o)
                0x000000000001fe00                fsOpenDataStorageByCurrentProcess
 *fill*         0x000000000001fe08        0x8 
 .text.fsFsCreateFile
                0x000000000001fe10      0x1ec C:/devkitPro/libnx/lib\libnx.a(fs.o)
                0x000000000001fe10                fsFsCreateFile
 *fill*         0x000000000001fffc        0x4 
 .text.fsFsDeleteFile
                0x0000000000020000        0x8 C:/devkitPro/libnx/lib\libnx.a(fs.o)
                0x0000000000020000                fsFsDeleteFile
 *fill*         0x0000000000020008        0x8 
 .text.fsFsCreateDirectory
                0x0000000000020010        0x8 C:/devkitPro/libnx/lib\libnx.a(fs.o)
                0x0000000000020010                fsFsCreateDirectory
 *fill*         0x0000000000020018        0x8 
 .text.fsFsDeleteDirectory
                0x0000000000020020        0x8 C:/devkitPro/libnx/lib\libnx.a(fs.o)
                0x0000000000020020                fsFsDeleteDirectory
 *fill*         0x0000000000020028        0x8 
 .text.fsFsRenameFile
                0x0000000000020030        0x8 C:/devkitPro/libnx/lib\libnx.a(fs.o)
                0x0000000000020030                fsFsRenameFile
 *fill*         0x0000000000020038        0x8 
 .text.fsFsRenameDirectory
                0x0000000000020040        0x8 C:/devkitPro/libnx/lib\libnx.a(fs.o)
                0x0000000000020040                fsFsRenameDirectory
 *fill*         0x0000000000020048        0x8 
 .text.fsFsGetEntryType
                0x0000000000020050      0x1f0 C:/devkitPro/libnx/lib\libnx.a(fs.o)
                0x0000000000020050                fsFsGetEntryType
 .text.fsFsOpenFile
                0x0000000000020240        0x8 C:/devkitPro/libnx/lib\libnx.a(fs.o)
                0x0000000000020240                fsFsOpenFile
 *fill*         0x0000000000020248        0x8 
 .text.fsFsOpenDirectory
                0x0000000000020250        0x8 C:/devkitPro/libnx/lib\libnx.a(fs.o)
                0x0000000000020250                fsFsOpenDirectory
 *fill*         0x0000000000020258        0x8 
 .text.fsFsGetFreeSpace
                0x0000000000020260        0x8 C:/devkitPro/libnx/lib\libnx.a(fs.o)
                0x0000000000020260                fsFsGetFreeSpace
 *fill*         0x0000000000020268        0x8 
 .text.fsFsGetTotalSpace
                0x0000000000020270        0x8 C:/devkitPro/libnx/lib\libnx.a(fs.o)
                0x0000000000020270                fsFsGetTotalSpace
 *fill*         0x0000000000020278        0x8 
 .text.fsFsGetFileTimeStampRaw
                0x0000000000020280      0x230 C:/devkitPro/libnx/lib\libnx.a(fs.o)
                0x0000000000020280                fsFsGetFileTimeStampRaw
 .text.fsFsClose
                0x00000000000204b0        0x4 C:/devkitPro/libnx/lib\libnx.a(fs.o)
                0x00000000000204b0                fsFsClose
 *fill*         0x00000000000204b4        0xc 
 .text.fsFileRead
                0x00000000000204c0      0x214 C:/devkitPro/libnx/lib\libnx.a(fs.o)
                0x00000000000204c0                fsFileRead
 *fill*         0x00000000000206d4        0xc 
 .text.fsFileWrite
                0x00000000000206e0      0x1f8 C:/devkitPro/libnx/lib\libnx.a(fs.o)
                0x00000000000206e0                fsFileWrite
 *fill*         0x00000000000208d8        0x8 
 .text.fsFileFlush
                0x00000000000208e0        0x8 C:/devkitPro/libnx/lib\libnx.a(fs.o)
                0x00000000000208e0                fsFileFlush
 *fill*         0x00000000000208e8        0x8 
 .text.fsFileSetSize
                0x00000000000208f0      0x1c0 C:/devkitPro/libnx/lib\libnx.a(fs.o)
                0x00000000000208f0                fsFileSetSize
 .text.fsFileGetSize
                0x0000000000020ab0      0x1d4 C:/devkitPro/libnx/lib\libnx.a(fs.o)
                0x0000000000020ab0                fsFileGetSize
 *fill*         0x0000000000020c84        0xc 
 .text.fsFileClose
                0x0000000000020c90        0x4 C:/devkitPro/libnx/lib\libnx.a(fs.o)
                0x0000000000020c90                fsFileClose
 *fill*         0x0000000000020c94        0xc 
 .text.fsDirClose
                0x0000000000020ca0        0x4 C:/devkitPro/libnx/lib\libnx.a(fs.o)
                0x0000000000020ca0                fsDirClose
 *fill*         0x0000000000020ca4        0xc 
 .text.fsDirRead
                0x0000000000020cb0      0x204 C:/devkitPro/libnx/lib\libnx.a(fs.o)
                0x0000000000020cb0                fsDirRead
 *fill*         0x0000000000020eb4        0xc 
 .text.fsStorageRead
                0x0000000000020ec0      0x1e8 C:/devkitPro/libnx/lib\libnx.a(fs.o)
                0x0000000000020ec0                fsStorageRead
 *fill*         0x00000000000210a8        0x8 
 .text.fsStorageClose
                0x00000000000210b0        0x4 C:/devkitPro/libnx/lib\libnx.a(fs.o)
                0x00000000000210b0                fsStorageClose
 *fill*         0x00000000000210b4        0xc 
 .text._nvCleanup
                0x00000000000210c0       0xd0 C:/devkitPro/libnx/lib\libnx.a(nv.o)
 .text._nvCmdInitialize.constprop.0
                0x0000000000021190       0xd4 C:/devkitPro/libnx/lib\libnx.a(nv.o)
 *fill*         0x0000000000021264        0xc 
 .text.__nx_nv_create_tmem
                0x0000000000021270       0x18 C:/devkitPro/libnx/lib\libnx.a(nv.o)
                0x0000000000021270                __nx_nv_create_tmem
 *fill*         0x0000000000021288        0x8 
 .text.nvInitialize
                0x0000000000021290      0x3a8 C:/devkitPro/libnx/lib\libnx.a(nv.o)
                0x0000000000021290                nvInitialize
 *fill*         0x0000000000021638        0x8 
 .text.nvExit   0x0000000000021640       0x48 C:/devkitPro/libnx/lib\libnx.a(nv.o)
                0x0000000000021640                nvExit
 *fill*         0x0000000000021688        0x8 
 .text.nvConvertError
                0x0000000000021690       0xf4 C:/devkitPro/libnx/lib\libnx.a(nv.o)
                0x0000000000021690                nvConvertError
 *fill*         0x0000000000021784        0xc 
 .text.nvOpen   0x0000000000021790      0x114 C:/devkitPro/libnx/lib\libnx.a(nv.o)
                0x0000000000021790                nvOpen
 *fill*         0x00000000000218a4        0xc 
 .text.nvIoctl  0x00000000000218b0      0x310 C:/devkitPro/libnx/lib\libnx.a(nv.o)
                0x00000000000218b0                nvIoctl
 .text.nvClose  0x0000000000021bc0       0xd4 C:/devkitPro/libnx/lib\libnx.a(nv.o)
                0x0000000000021bc0                nvClose
 *fill*         0x0000000000021c94        0xc 
 .text.nvQueryEvent
                0x0000000000021ca0      0x10c C:/devkitPro/libnx/lib\libnx.a(nv.o)
                0x0000000000021ca0                nvQueryEvent
 *fill*         0x0000000000021dac        0x4 
 .text._viCleanup
                0x0000000000021db0      0x230 C:/devkitPro/libnx/lib\libnx.a(vi.o)
 .text._viCmdGetSessionNoParams.constprop.0
                0x0000000000021fe0      0x100 C:/devkitPro/libnx/lib\libnx.a(vi.o)
 .text.viInitialize
                0x00000000000220e0      0x368 C:/devkitPro/libnx/lib\libnx.a(vi.o)
                0x00000000000220e0                viInitialize
 *fill*         0x0000000000022448        0x8 
 .text.viExit   0x0000000000022450       0x48 C:/devkitPro/libnx/lib\libnx.a(vi.o)
                0x0000000000022450                viExit
 *fill*         0x0000000000022498        0x8 
 .text.viGetSession_IHOSBinderDriverRelay
                0x00000000000224a0        0xc C:/devkitPro/libnx/lib\libnx.a(vi.o)
                0x00000000000224a0                viGetSession_IHOSBinderDriverRelay
 *fill*         0x00000000000224ac        0x4 
 .text.viOpenDisplay
                0x00000000000224b0      0x10c C:/devkitPro/libnx/lib\libnx.a(vi.o)
                0x00000000000224b0                viOpenDisplay
 *fill*         0x00000000000225bc        0x4 
 .text.viCloseDisplay
                0x00000000000225c0       0xec C:/devkitPro/libnx/lib\libnx.a(vi.o)
                0x00000000000225c0                viCloseDisplay
 *fill*         0x00000000000226ac        0x4 
 .text.viCloseLayer
                0x00000000000226b0       0xf4 C:/devkitPro/libnx/lib\libnx.a(vi.o)
                0x00000000000226b0                viCloseLayer
 *fill*         0x00000000000227a4        0xc 
 .text.viCreateLayer
                0x00000000000227b0      0x394 C:/devkitPro/libnx/lib\libnx.a(vi.o)
                0x00000000000227b0                viCreateLayer
 *fill*         0x0000000000022b44        0xc 
 .text.viSetLayerScalingMode
                0x0000000000022b50       0xd8 C:/devkitPro/libnx/lib\libnx.a(vi.o)
                0x0000000000022b50                viSetLayerScalingMode
 *fill*         0x0000000000022c28        0x8 
 .text._nvFenceCleanup
                0x0000000000022c30       0x74 C:/devkitPro/libnx/lib\libnx.a(fence.o)
 *fill*         0x0000000000022ca4        0xc 
 .text.nvFenceInit
                0x0000000000022cb0       0x98 C:/devkitPro/libnx/lib\libnx.a(fence.o)
                0x0000000000022cb0                nvFenceInit
 *fill*         0x0000000000022d48        0x8 
 .text.nvFenceExit
                0x0000000000022d50       0x48 C:/devkitPro/libnx/lib\libnx.a(fence.o)
                0x0000000000022d50                nvFenceExit
 *fill*         0x0000000000022d98        0x8 
 .text.nvFenceWait
                0x0000000000022da0      0x290 C:/devkitPro/libnx/lib\libnx.a(fence.o)
                0x0000000000022da0                nvFenceWait
 .text.nvMultiFenceWait
                0x0000000000023030       0x7c C:/devkitPro/libnx/lib\libnx.a(fence.o)
                0x0000000000023030                nvMultiFenceWait
 *fill*         0x00000000000230ac        0x4 
 .text.nvMapInit
                0x00000000000230b0       0xac C:/devkitPro/libnx/lib\libnx.a(map.o)
                0x00000000000230b0                nvMapInit
 *fill*         0x000000000002315c        0x4 
 .text.nvMapExit
                0x0000000000023160       0x74 C:/devkitPro/libnx/lib\libnx.a(map.o)
                0x0000000000023160                nvMapExit
 *fill*         0x00000000000231d4        0xc 
 .text.nvMapClose
                0x00000000000231e0       0x8c C:/devkitPro/libnx/lib\libnx.a(map.o)
                0x00000000000231e0                nvMapClose
 *fill*         0x000000000002326c        0x4 
 .text.nvMapCreate
                0x0000000000023270      0x160 C:/devkitPro/libnx/lib\libnx.a(map.o)
                0x0000000000023270                nvMapCreate
 .text.nvioctlNvhostCtrl_EventSignal
                0x00000000000233d0       0x24 C:/devkitPro/libnx/lib\libnx.a(nvhost-ctrl.o)
                0x00000000000233d0                nvioctlNvhostCtrl_EventSignal
 *fill*         0x00000000000233f4        0xc 
 .text.nvioctlNvhostCtrl_EventWait
                0x0000000000023400       0x3c C:/devkitPro/libnx/lib\libnx.a(nvhost-ctrl.o)
                0x0000000000023400                nvioctlNvhostCtrl_EventWait
 *fill*         0x000000000002343c        0x4 
 .text.nvioctlNvhostCtrl_EventWaitAsync
                0x0000000000023440       0x28 C:/devkitPro/libnx/lib\libnx.a(nvhost-ctrl.o)
                0x0000000000023440                nvioctlNvhostCtrl_EventWaitAsync
 *fill*         0x0000000000023468        0x8 
 .text.nvioctlNvhostCtrl_EventRegister
                0x0000000000023470       0x24 C:/devkitPro/libnx/lib\libnx.a(nvhost-ctrl.o)
                0x0000000000023470                nvioctlNvhostCtrl_EventRegister
 *fill*         0x0000000000023494        0xc 
 .text.nvioctlNvhostCtrl_EventUnregister
                0x00000000000234a0       0x24 C:/devkitPro/libnx/lib\libnx.a(nvhost-ctrl.o)
                0x00000000000234a0                nvioctlNvhostCtrl_EventUnregister
 *fill*         0x00000000000234c4        0xc 
 .text.nvioctlNvmap_Create
                0x00000000000234d0       0x3c C:/devkitPro/libnx/lib\libnx.a(nvmap.o)
                0x00000000000234d0                nvioctlNvmap_Create
 *fill*         0x000000000002350c        0x4 
 .text.nvioctlNvmap_Alloc
                0x0000000000023510       0x30 C:/devkitPro/libnx/lib\libnx.a(nvmap.o)
                0x0000000000023510                nvioctlNvmap_Alloc
 .text.nvioctlNvmap_Free
                0x0000000000023540       0x30 C:/devkitPro/libnx/lib\libnx.a(nvmap.o)
                0x0000000000023540                nvioctlNvmap_Free
 .text.nvioctlNvmap_GetId
                0x0000000000023570       0x3c C:/devkitPro/libnx/lib\libnx.a(nvmap.o)
                0x0000000000023570                nvioctlNvmap_GetId
 *fill*         0x00000000000235ac        0x4 
 .text.binderCreate
                0x00000000000235b0       0x1c C:/devkitPro/libnx/lib\libnx.a(binder.o)
                0x00000000000235b0                binderCreate
 *fill*         0x00000000000235cc        0x4 
 .text.binderTransactParcel
                0x00000000000235d0      0x35c C:/devkitPro/libnx/lib\libnx.a(binder.o)
                0x00000000000235d0                binderTransactParcel
 *fill*         0x000000000002392c        0x4 
 .text.binderConvertErrorCode
                0x0000000000023930       0xe8 C:/devkitPro/libnx/lib\libnx.a(binder.o)
                0x0000000000023930                binderConvertErrorCode
 *fill*         0x0000000000023a18        0x8 
 .text.binderAdjustRefcount
                0x0000000000023a20      0x124 C:/devkitPro/libnx/lib\libnx.a(binder.o)
                0x0000000000023a20                binderAdjustRefcount
 *fill*         0x0000000000023b44        0xc 
 .text.binderInitSession
                0x0000000000023b50       0x9c C:/devkitPro/libnx/lib\libnx.a(binder.o)
                0x0000000000023b50                binderInitSession
 *fill*         0x0000000000023bec        0x4 
 .text.binderClose
                0x0000000000023bf0       0x5c C:/devkitPro/libnx/lib\libnx.a(binder.o)
                0x0000000000023bf0                binderClose
 *fill*         0x0000000000023c4c        0x4 
 .text.binderGetNativeHandle
                0x0000000000023c50      0x154 C:/devkitPro/libnx/lib\libnx.a(binder.o)
                0x0000000000023c50                binderGetNativeHandle
 *fill*         0x0000000000023da4        0xc 
 .text.bqRequestBuffer
                0x0000000000023db0       0xc8 C:/devkitPro/libnx/lib\libnx.a(buffer_producer.o)
                0x0000000000023db0                bqRequestBuffer
 *fill*         0x0000000000023e78        0x8 
 .text.bqDequeueBuffer
                0x0000000000023e80      0x128 C:/devkitPro/libnx/lib\libnx.a(buffer_producer.o)
                0x0000000000023e80                bqDequeueBuffer
 *fill*         0x0000000000023fa8        0x8 
 .text.bqQueueBuffer
                0x0000000000023fb0       0xc8 C:/devkitPro/libnx/lib\libnx.a(buffer_producer.o)
                0x0000000000023fb0                bqQueueBuffer
 *fill*         0x0000000000024078        0x8 
 .text.bqCancelBuffer
                0x0000000000024080       0x84 C:/devkitPro/libnx/lib\libnx.a(buffer_producer.o)
                0x0000000000024080                bqCancelBuffer
 *fill*         0x0000000000024104        0xc 
 .text.bqConnect
                0x0000000000024110       0xd0 C:/devkitPro/libnx/lib\libnx.a(buffer_producer.o)
                0x0000000000024110                bqConnect
 .text.bqDisconnect
                0x00000000000241e0       0x88 C:/devkitPro/libnx/lib\libnx.a(buffer_producer.o)
                0x00000000000241e0                bqDisconnect
 *fill*         0x0000000000024268        0x8 
 .text.bqSetPreallocatedBuffer
                0x0000000000024270      0x194 C:/devkitPro/libnx/lib\libnx.a(buffer_producer.o)
                0x0000000000024270                bqSetPreallocatedBuffer
 *fill*         0x0000000000024404        0xc 
 .text.parcelCreate
                0x0000000000024410       0x30 C:/devkitPro/libnx/lib\libnx.a(parcel.o)
                0x0000000000024410                parcelCreate
 .text.parcelTransact
                0x0000000000024440      0x174 C:/devkitPro/libnx/lib\libnx.a(parcel.o)
                0x0000000000024440                parcelTransact
 *fill*         0x00000000000245b4        0xc 
 .text.parcelWriteData
                0x00000000000245c0       0x80 C:/devkitPro/libnx/lib\libnx.a(parcel.o)
                0x00000000000245c0                parcelWriteData
 .text.parcelReadData
                0x0000000000024640       0x88 C:/devkitPro/libnx/lib\libnx.a(parcel.o)
                0x0000000000024640                parcelReadData
 *fill*         0x00000000000246c8        0x8 
 .text.parcelWriteInt32
                0x00000000000246d0       0x20 C:/devkitPro/libnx/lib\libnx.a(parcel.o)
                0x00000000000246d0                parcelWriteInt32
 .text.parcelWriteUInt32
                0x00000000000246f0       0x20 C:/devkitPro/libnx/lib\libnx.a(parcel.o)
                0x00000000000246f0                parcelWriteUInt32
 .text.parcelWriteString16
                0x0000000000024710       0x7c C:/devkitPro/libnx/lib\libnx.a(parcel.o)
                0x0000000000024710                parcelWriteString16
 *fill*         0x000000000002478c        0x4 
 .text.parcelWriteInterfaceToken
                0x0000000000024790       0x30 C:/devkitPro/libnx/lib\libnx.a(parcel.o)
                0x0000000000024790                parcelWriteInterfaceToken
 .text.parcelReadInt32
                0x00000000000247c0       0x24 C:/devkitPro/libnx/lib\libnx.a(parcel.o)
                0x00000000000247c0                parcelReadInt32
 *fill*         0x00000000000247e4        0xc 
 .text.parcelReadFlattenedObject
                0x00000000000247f0       0x68 C:/devkitPro/libnx/lib\libnx.a(parcel.o)
                0x00000000000247f0                parcelReadFlattenedObject
 *fill*         0x0000000000024858        0x8 
 .text.parcelWriteFlattenedObject
                0x0000000000024860       0x44 C:/devkitPro/libnx/lib\libnx.a(parcel.o)
                0x0000000000024860                parcelWriteFlattenedObject
 *fill*         0x00000000000248a4        0xc 
 .text.argvSetup
                0x00000000000248b0      0x314 C:/devkitPro/libnx/lib\libnx.a(argv.o)
                0x00000000000248b0                argvSetup
 *fill*         0x0000000000024bc4        0xc 
 .text.__nx_dynamic
                0x0000000000024bd0      0x1fc C:/devkitPro/libnx/lib\libnx.a(dynamic.o)
                0x0000000000024bd0                __nx_dynamic
 *fill*         0x0000000000024dcc        0x4 
 .text.__libnx_initheap
                0x0000000000024dd0       0xd0 C:/devkitPro/libnx/lib\libnx.a(init.o)
                0x0000000000024dd0                __libnx_initheap
 .text.__appInit
                0x0000000000024ea0       0xec C:/devkitPro/libnx/lib\libnx.a(init.o)
                0x0000000000024ea0                __appInit
 *fill*         0x0000000000024f8c        0x4 
 .text.__appExit
                0x0000000000024f90       0x44 C:/devkitPro/libnx/lib\libnx.a(init.o)
                0x0000000000024f90                __appExit
 *fill*         0x0000000000024fd4        0xc 
 .text.__libnx_init
                0x0000000000024fe0       0x2c C:/devkitPro/libnx/lib\libnx.a(init.o)
                0x0000000000024fe0                __libnx_init
 *fill*         0x000000000002500c        0x4 
 .text.__libnx_exit
                0x0000000000025010       0x1c C:/devkitPro/libnx/lib\libnx.a(init.o)
                0x0000000000025010                __libnx_exit
 *fill*         0x000000000002502c        0x4 
 .text.__syscall_exit
                0x0000000000025030       0x1c C:/devkitPro/libnx/lib\libnx.a(newlib.o)
                0x0000000000025030                __syscall_exit
 *fill*         0x000000000002504c        0x4 
 .text.__syscall_getreent
                0x0000000000025050       0x34 C:/devkitPro/libnx/lib\libnx.a(newlib.o)
                0x0000000000025050                __syscall_getreent
 *fill*         0x0000000000025084        0xc 
 .text.__syscall_lock_acquire
                0x0000000000025090        0x4 C:/devkitPro/libnx/lib\libnx.a(newlib.o)
                0x0000000000025090                __syscall_lock_acquire
 *fill*         0x0000000000025094        0xc 
 .text.__syscall_lock_release
                0x00000000000250a0        0x4 C:/devkitPro/libnx/lib\libnx.a(newlib.o)
                0x00000000000250a0                __syscall_lock_release
 *fill*         0x00000000000250a4        0xc 
 .text.__syscall_lock_acquire_recursive
                0x00000000000250b0        0x4 C:/devkitPro/libnx/lib\libnx.a(newlib.o)
                0x00000000000250b0                __syscall_lock_acquire_recursive
 *fill*         0x00000000000250b4        0xc 
 .text.__syscall_lock_release_recursive
                0x00000000000250c0        0x4 C:/devkitPro/libnx/lib\libnx.a(newlib.o)
                0x00000000000250c0                __syscall_lock_release_recursive
 *fill*         0x00000000000250c4        0xc 
 .text.__libnx_init_time
                0x00000000000250d0      0x25c C:/devkitPro/libnx/lib\libnx.a(newlib.o)
                0x00000000000250d0                __libnx_init_time
 *fill*         0x000000000002532c        0x4 
 .text.__syscall_gettod_r
                0x0000000000025330       0x88 C:/devkitPro/libnx/lib\libnx.a(newlib.o)
                0x0000000000025330                __syscall_gettod_r
 *fill*         0x00000000000253b8        0x8 
 .text.newlibSetup
                0x00000000000253c0       0x98 C:/devkitPro/libnx/lib\libnx.a(newlib.o)
                0x00000000000253c0                newlibSetup
 *fill*         0x0000000000025458        0x8 
 .text.nxlinkSetup
                0x0000000000025460       0xe8 C:/devkitPro/libnx/lib\libnx.a(nxlink.o)
                0x0000000000025460                nxlinkSetup
 *fill*         0x0000000000025548        0x8 
 .text.fsdev_link
                0x0000000000025550       0x10 C:/devkitPro/libnx/lib\libnx.a(fs_dev.o)
 .text.fsdev_dirreset
                0x0000000000025560       0x10 C:/devkitPro/libnx/lib\libnx.a(fs_dev.o)
 .text.fsdev_chmod
                0x0000000000025570       0x10 C:/devkitPro/libnx/lib\libnx.a(fs_dev.o)
 .text.error_cmp
                0x0000000000025580       0x18 C:/devkitPro/libnx/lib\libnx.a(fs_dev.o)
 *fill*         0x0000000000025598        0x8 
 .text.fsdev_dirclose
                0x00000000000255a0       0x20 C:/devkitPro/libnx/lib\libnx.a(fs_dev.o)
 .text.fsdev_close
                0x00000000000255c0       0x1c C:/devkitPro/libnx/lib\libnx.a(fs_dev.o)
 *fill*         0x00000000000255dc        0x4 
 .text.fsdev_converttimetoutc
                0x00000000000255e0       0x74 C:/devkitPro/libnx/lib\libnx.a(fs_dev.o)
 *fill*         0x0000000000025654        0xc 
 .text.fsdevFindDevice.part.0
                0x0000000000025660       0xf8 C:/devkitPro/libnx/lib\libnx.a(fs_dev.o)
 *fill*         0x0000000000025758        0x8 
 .text.fsdev_fixpath
                0x0000000000025760      0x1cc C:/devkitPro/libnx/lib\libnx.a(fs_dev.o)
 *fill*         0x000000000002592c        0x4 
 .text._fsdevUnmountDeviceStruct.part.0
                0x0000000000025930       0x9c C:/devkitPro/libnx/lib\libnx.a(fs_dev.o)
 *fill*         0x00000000000259cc        0x4 
 .text.fsdev_fchmod
                0x00000000000259d0       0x10 C:/devkitPro/libnx/lib\libnx.a(fs_dev.o)
 .text.fsdev_diropen
                0x00000000000259e0      0x100 C:/devkitPro/libnx/lib\libnx.a(fs_dev.o)
 .text.fsdev_statvfs
                0x0000000000025ae0       0xf8 C:/devkitPro/libnx/lib\libnx.a(fs_dev.o)
 *fill*         0x0000000000025bd8        0x8 
 .text.fsdev_fsync
                0x0000000000025be0       0x7c C:/devkitPro/libnx/lib\libnx.a(fs_dev.o)
 *fill*         0x0000000000025c5c        0x4 
 .text.fsdev_fstat
                0x0000000000025c60       0xec C:/devkitPro/libnx/lib\libnx.a(fs_dev.o)
 *fill*         0x0000000000025d4c        0x4 
 .text.fsdev_ftruncate
                0x0000000000025d50       0x94 C:/devkitPro/libnx/lib\libnx.a(fs_dev.o)
 *fill*         0x0000000000025de4        0xc 
 .text.fsdev_stat
                0x0000000000025df0      0x1d8 C:/devkitPro/libnx/lib\libnx.a(fs_dev.o)
 *fill*         0x0000000000025fc8        0x8 
 .text.fsdev_rename
                0x0000000000025fd0      0x14c C:/devkitPro/libnx/lib\libnx.a(fs_dev.o)
 *fill*         0x000000000002611c        0x4 
 .text.fsdev_chdir
                0x0000000000026120      0x13c C:/devkitPro/libnx/lib\libnx.a(fs_dev.o)
 *fill*         0x000000000002625c        0x4 
 .text.fsdev_rmdir
                0x0000000000026260       0xa4 C:/devkitPro/libnx/lib\libnx.a(fs_dev.o)
 *fill*         0x0000000000026304        0xc 
 .text.fsdev_mkdir
                0x0000000000026310       0xa4 C:/devkitPro/libnx/lib\libnx.a(fs_dev.o)
 *fill*         0x00000000000263b4        0xc 
 .text.fsdev_unlink
                0x00000000000263c0       0xa4 C:/devkitPro/libnx/lib\libnx.a(fs_dev.o)
 *fill*         0x0000000000026464        0xc 
 .text.fsdev_write_safe
                0x0000000000026470      0x13c C:/devkitPro/libnx/lib\libnx.a(fs_dev.o)
 *fill*         0x00000000000265ac        0x4 
 .text.fsdev_read_safe
                0x00000000000265b0      0x134 C:/devkitPro/libnx/lib\libnx.a(fs_dev.o)
 *fill*         0x00000000000266e4        0xc 
 .text.fsdev_read
                0x00000000000266f0      0x100 C:/devkitPro/libnx/lib\libnx.a(fs_dev.o)
 .text.fsdev_dirnext
                0x00000000000267f0      0x1d4 C:/devkitPro/libnx/lib\libnx.a(fs_dev.o)
 *fill*         0x00000000000269c4        0xc 
 .text.fsdev_write
                0x00000000000269d0      0x124 C:/devkitPro/libnx/lib\libnx.a(fs_dev.o)
 *fill*         0x0000000000026af4        0xc 
 .text.fsdev_seek
                0x0000000000026b00      0x110 C:/devkitPro/libnx/lib\libnx.a(fs_dev.o)
 .text.fsdev_open
                0x0000000000026c10      0x230 C:/devkitPro/libnx/lib\libnx.a(fs_dev.o)
 .text.fsdevMountDevice
                0x0000000000026e40      0x324 C:/devkitPro/libnx/lib\libnx.a(fs_dev.o)
                0x0000000000026e40                fsdevMountDevice
 *fill*         0x0000000000027164        0xc 
 .text.fsdevMountSdmc
                0x0000000000027170       0x40 C:/devkitPro/libnx/lib\libnx.a(fs_dev.o)
                0x0000000000027170                fsdevMountSdmc
 .text.__libnx_init_cwd
                0x00000000000271b0       0xbc C:/devkitPro/libnx/lib\libnx.a(fs_dev.o)
                0x00000000000271b0                __libnx_init_cwd
 *fill*         0x000000000002726c        0x4 
 .text.fsdevUnmountAll
                0x0000000000027270       0x64 C:/devkitPro/libnx/lib\libnx.a(fs_dev.o)
                0x0000000000027270                fsdevUnmountAll
 *fill*         0x00000000000272d4        0xc 
 .text.fsdevTranslatePath
                0x00000000000272e0       0x84 C:/devkitPro/libnx/lib\libnx.a(fs_dev.o)
                0x00000000000272e0                fsdevTranslatePath
 *fill*         0x0000000000027364        0xc 
 .text.decode_utf8
                0x0000000000027370      0x128 C:/devkitPro/libnx/lib\libnx.a(decode_utf8.o)
                0x0000000000027370                decode_utf8
 .text.__libnx_exception_entry
                0x0000000000027498      0x1c0 C:/devkitPro/libnx/lib\libnx.a(exception.o)
                0x0000000000027498                __libnx_exception_entry
 .text.__libnx_exception_returnentry
                0x0000000000027658       0x18 C:/devkitPro/libnx/lib\libnx.a(exception.o)
                0x0000000000027658                __libnx_exception_returnentry
 .text.condvarWaitTimeout
                0x0000000000027670       0x70 C:/devkitPro/libnx/lib\libnx.a(condvar.o)
                0x0000000000027670                condvarWaitTimeout
 .text.randomGet
                0x00000000000276e0      0x410 C:/devkitPro/libnx/lib\libnx.a(random.o)
                0x00000000000276e0                randomGet
 .text.randomGet64
                0x0000000000027af0       0x20 C:/devkitPro/libnx/lib\libnx.a(random.o)
                0x0000000000027af0                randomGet64
 .text.__libnx_init_thread
                0x0000000000027b10       0xb0 C:/devkitPro/libnx/lib\libnx.a(thread.o)
                0x0000000000027b10                __libnx_init_thread
 .text.sessionmgrCreate
                0x0000000000027bc0      0x184 C:/devkitPro/libnx/lib\libnx.a(sessionmgr.o)
                0x0000000000027bc0                sessionmgrCreate
 *fill*         0x0000000000027d44        0xc 
 .text.sessionmgrClose
                0x0000000000027d50       0x84 C:/devkitPro/libnx/lib\libnx.a(sessionmgr.o)
                0x0000000000027d50                sessionmgrClose
 *fill*         0x0000000000027dd4        0xc 
 .text.sessionmgrAttachClient
                0x0000000000027de0       0xa8 C:/devkitPro/libnx/lib\libnx.a(sessionmgr.o)
                0x0000000000027de0                sessionmgrAttachClient
 *fill*         0x0000000000027e88        0x8 
 .text.sessionmgrDetachClient
                0x0000000000027e90       0x60 C:/devkitPro/libnx/lib\libnx.a(sessionmgr.o)
                0x0000000000027e90                sessionmgrDetachClient
 .text._setsysGetFirmwareVersionImpl
                0x0000000000027ef0       0xd0 C:/devkitPro/libnx/lib\libnx.a(set.o)
 .text._setsysCleanup
                0x0000000000027fc0       0x78 C:/devkitPro/libnx/lib\libnx.a(set.o)
 *fill*         0x0000000000028038        0x8 
 .text.setsysInitialize
                0x0000000000028040       0xa0 C:/devkitPro/libnx/lib\libnx.a(set.o)
                0x0000000000028040                setsysInitialize
 .text.setsysExit
                0x00000000000280e0       0x48 C:/devkitPro/libnx/lib\libnx.a(set.o)
                0x00000000000280e0                setsysExit
 *fill*         0x0000000000028128        0x8 
 .text.setsysGetFirmwareVersion
                0x0000000000028130       0x48 C:/devkitPro/libnx/lib\libnx.a(set.o)
                0x0000000000028130                setsysGetFirmwareVersion
 *fill*         0x0000000000028178        0x8 
 .text._timeCleanup
                0x0000000000028180      0x27c C:/devkitPro/libnx/lib\libnx.a(time.o)
 *fill*         0x00000000000283fc        0x4 
 .text._timeCmdGetSession.constprop.0
                0x0000000000028400      0x100 C:/devkitPro/libnx/lib\libnx.a(time.o)
 .text._timeReadClockFromSharedMem
                0x0000000000028500      0x104 C:/devkitPro/libnx/lib\libnx.a(time.o)
 *fill*         0x0000000000028604        0xc 
 .text.timeInitialize
                0x0000000000028610      0x300 C:/devkitPro/libnx/lib\libnx.a(time.o)
                0x0000000000028610                timeInitialize
 .text.timeExit
                0x0000000000028910       0x48 C:/devkitPro/libnx/lib\libnx.a(time.o)
                0x0000000000028910                timeExit
 *fill*         0x0000000000028958        0x8 
 .text.timeGetServiceSession_SystemClock
                0x0000000000028960       0x38 C:/devkitPro/libnx/lib\libnx.a(time.o)
                0x0000000000028960                timeGetServiceSession_SystemClock
 *fill*         0x0000000000028998        0x8 
 .text.timeGetCurrentTime
                0x00000000000289a0       0xfc C:/devkitPro/libnx/lib\libnx.a(time.o)
                0x00000000000289a0                timeGetCurrentTime
 *fill*         0x0000000000028a9c        0x4 
 .text.timeToCalendarTimeWithMyRule
                0x0000000000028aa0      0x108 C:/devkitPro/libnx/lib\libnx.a(time.o)
                0x0000000000028aa0                timeToCalendarTimeWithMyRule
 *fill*         0x0000000000028ba8        0x8 
 .text.timeToPosixTimeWithMyRule
                0x0000000000028bb0      0x114 C:/devkitPro/libnx/lib\libnx.a(time.o)
                0x0000000000028bb0                timeToPosixTimeWithMyRule
 *fill*         0x0000000000028cc4       0x1c 
 .text.pow      0x0000000000028ce0      0x498 C:/devkitPro/devkitA64/bin/../lib/gcc/aarch64-none-elf/15.2.0/../../../../aarch64-none-elf/lib/pic\libm.a(libm_a-pow.o)
                0x0000000000028ce0                pow
 *fill*         0x0000000000029178        0x8 
 .text.ldexp    0x0000000000029180       0x7c C:/devkitPro/devkitA64/bin/../lib/gcc/aarch64-none-elf/15.2.0/../../../../aarch64-none-elf/lib/pic\libm.a(libm_a-s_ldexp.o)
                0x0000000000029180                ldexp
 *fill*         0x00000000000291fc        0x4 
 .text.finite   0x0000000000029200       0x18 C:/devkitPro/devkitA64/bin/../lib/gcc/aarch64-none-elf/15.2.0/../../../../aarch64-none-elf/lib/pic\libm.a(libm_a-s_finite.o)
                0x0000000000029200                finite
 *fill*         0x0000000000029218        0x8 
 .text.with_errno
                0x0000000000029220       0x34 C:/devkitPro/devkitA64/bin/../lib/gcc/aarch64-none-elf/15.2.0/../../../../aarch64-none-elf/lib/pic\libm.a(libm_a-math_err.o)
 *fill*         0x0000000000029254        0xc 
 .text.xflow    0x0000000000029260       0x18 C:/devkitPro/devkitA64/bin/../lib/gcc/aarch64-none-elf/15.2.0/../../../../aarch64-none-elf/lib/pic\libm.a(libm_a-math_err.o)
 *fill*         0x0000000000029278        0x8 
 .text.__math_uflow
                0x0000000000029280        0xc C:/devkitPro/devkitA64/bin/../lib/gcc/aarch64-none-elf/15.2.0/../../../../aarch64-none-elf/lib/pic\libm.a(libm_a-math_err.o)
                0x0000000000029280                __math_uflow
 *fill*         0x000000000002928c       0x14 
 .text.__math_oflow
                0x00000000000292a0        0xc C:/devkitPro/devkitA64/bin/../lib/gcc/aarch64-none-elf/15.2.0/../../../../aarch64-none-elf/lib/pic\libm.a(libm_a-math_err.o)
                0x00000000000292a0                __math_oflow
 *fill*         0x00000000000292ac       0x14 
 .text.__math_divzero
                0x00000000000292c0       0x20 C:/devkitPro/devkitA64/bin/../lib/gcc/aarch64-none-elf/15.2.0/../../../../aarch64-none-elf/lib/pic\libm.a(libm_a-math_err.o)
                0x00000000000292c0                __math_divzero
 .text.__math_invalid
                0x00000000000292e0       0x20 C:/devkitPro/devkitA64/bin/../lib/gcc/aarch64-none-elf/15.2.0/../../../../aarch64-none-elf/lib/pic\libm.a(libm_a-math_err.o)
                0x00000000000292e0                __math_invalid
 .text.__math_check_uflow
                0x0000000000029300       0x14 C:/devkitPro/devkitA64/bin/../lib/gcc/aarch64-none-elf/15.2.0/../../../../aarch64-none-elf/lib/pic\libm.a(libm_a-math_err.o)
                0x0000000000029300                __math_check_uflow
 *fill*         0x0000000000029314        0xc 
 .text.__math_check_oflow
                0x0000000000029320       0x20 C:/devkitPro/devkitA64/bin/../lib/gcc/aarch64-none-elf/15.2.0/../../../../aarch64-none-elf/lib/pic\libm.a(libm_a-math_err.o)
                0x0000000000029320                __math_check_oflow
 .text.scalbn   0x0000000000029340      0x10c C:/devkitPro/devkitA64/bin/../lib/gcc/aarch64-none-elf/15.2.0/../../../../aarch64-none-elf/lib/pic\libm.a(libm_a-s_scalbn.o)
                0x0000000000029340                scalbn
 *fill*         0x000000000002944c       0x14 
 .text.strncat  0x0000000000029460       0xc4 C:/devkitPro/devkitA64/bin/../lib/gcc/aarch64-none-elf/15.2.0/../../../../aarch64-none-elf/lib/pic\libg.a(libc_a-strncat.o)
                0x0000000000029460                strncat
 *fill*         0x0000000000029524       0x1c 
 .text.srand    0x0000000000029540       0x28 C:/devkitPro/devkitA64/bin/../lib/gcc/aarch64-none-elf/15.2.0/../../../../aarch64-none-elf/lib/pic\libg.a(libc_a-rand.o)
                0x0000000000029540                srand
 *fill*         0x0000000000029568       0x18 
 .text.rand     0x0000000000029580       0x38 C:/devkitPro/devkitA64/bin/../lib/gcc/aarch64-none-elf/15.2.0/../../../../aarch64-none-elf/lib/pic\libg.a(libc_a-rand.o)
                0x0000000000029580                rand
 *fill*         0x00000000000295b8        0x8 
 .text          0x00000000000295c0       0xcc C:/devkitPro/devkitA64/bin/../lib/gcc/aarch64-none-elf/15.2.0/../../../../aarch64-none-elf/lib/pic\libg.a(libc_a-strchr.o)
                0x00000000000295c0                strchr
 *fill*         0x000000000002968c       0x14 
 .text.__assert_func
                0x00000000000296a0       0x64 C:/devkitPro/devkitA64/bin/../lib/gcc/aarch64-none-elf/15.2.0/../../../../aarch64-none-elf/lib/pic\libg.a(libc_a-assert.o)
                0x00000000000296a0                __assert_func
 *fill*         0x0000000000029704       0x1c 
 .text._fread_r
                0x0000000000029720      0x330 C:/devkitPro/devkitA64/bin/../lib/gcc/aarch64-none-elf/15.2.0/../../../../aarch64-none-elf/lib/pic\libg.a(libc_a-fread.o)
                0x0000000000029720                _fread_r
 *fill*         0x0000000000029a50       0x10 
 .text.fread    0x0000000000029a60       0x34 C:/devkitPro/devkitA64/bin/../lib/gcc/aarch64-none-elf/15.2.0/../../../../aarch64-none-elf/lib/pic\libg.a(libc_a-fread.o)
                0x0000000000029a60                fread
 *fill*         0x0000000000029a94       0x2c 
 .text          0x0000000000029ac0       0xb8 C:/devkitPro/devkitA64/bin/../lib/gcc/aarch64-none-elf/15.2.0/../../../../aarch64-none-elf/lib/pic\libg.a(libc_a-strnlen.o)
                0x0000000000029ac0                strnlen
 *fill*         0x0000000000029b78        0x8 
 .text.bsearch  0x0000000000029b80       0xb4 C:/devkitPro/devkitA64/bin/../lib/gcc/aarch64-none-elf/15.2.0/../../../../aarch64-none-elf/lib/pic\libg.a(libc_a-bsearch.o)
                0x0000000000029b80                bsearch
 *fill*         0x0000000000029c34        0xc 
 .text          0x0000000000029c40      0x22c C:/devkitPro/devkitA64/bin/../lib/gcc/aarch64-none-elf/15.2.0/../../../../aarch64-none-elf/lib/pic\libg.a(libc_a-memcpy.o)
                0x0000000000029c40                memcpy
                0x0000000000029c40                memmove
 *fill*         0x0000000000029e6c       0x14 
 .text._fopen_r
                0x0000000000029e80      0x120 C:/devkitPro/devkitA64/bin/../lib/gcc/aarch64-none-elf/15.2.0/../../../../aarch64-none-elf/lib/pic\libg.a(libc_a-fopen.o)
                0x0000000000029e80                _fopen_r
 .text.fopen    0x0000000000029fa0       0x2c C:/devkitPro/devkitA64/bin/../lib/gcc/aarch64-none-elf/15.2.0/../../../../aarch64-none-elf/lib/pic\libg.a(libc_a-fopen.o)
                0x0000000000029fa0                fopen
 *fill*         0x0000000000029fcc       0x14 
 .text.gmtime   0x0000000000029fe0       0x28 C:/devkitPro/devkitA64/bin/../lib/gcc/aarch64-none-elf/15.2.0/../../../../aarch64-none-elf/lib/pic\libg.a(libc_a-gmtime.o)
                0x0000000000029fe0                gmtime
 *fill*         0x000000000002a008       0x38 
 .text          0x000000000002a040      0x104 C:/devkitPro/devkitA64/bin/../lib/gcc/aarch64-none-elf/15.2.0/../../../../aarch64-none-elf/lib/pic\libg.a(libc_a-memset.o)
                0x000000000002a040                memset
 *fill*         0x000000000002a144       0x1c 
 .text.snprintf
                0x000000000002a160       0xf8 C:/devkitPro/devkitA64/bin/../lib/gcc/aarch64-none-elf/15.2.0/../../../../aarch64-none-elf/lib/pic\libg.a(libc_a-snprintf.o)
                0x000000000002a160                snprintf
 *fill*         0x000000000002a258        0x8 
 .text._strtoul_l.isra.0
                0x000000000002a260      0x1a4 C:/devkitPro/devkitA64/bin/../lib/gcc/aarch64-none-elf/15.2.0/../../../../aarch64-none-elf/lib/pic\libg.a(libc_a-strtoul.o)
 *fill*         0x000000000002a404       0x1c 
 .text.strtoul  0x000000000002a420       0x40 C:/devkitPro/devkitA64/bin/../lib/gcc/aarch64-none-elf/15.2.0/../../../../aarch64-none-elf/lib/pic\libg.a(libc_a-strtoul.o)
                0x000000000002a420                strtoul
 .text.__submore
                0x000000000002a460       0xb8 C:/devkitPro/devkitA64/bin/../lib/gcc/aarch64-none-elf/15.2.0/../../../../aarch64-none-elf/lib/pic\libg.a(libc_a-ungetc.o)
                0x000000000002a460                __submore
 *fill*         0x000000000002a518        0x8 
 .text._ungetc_r
                0x000000000002a520      0x220 C:/devkitPro/devkitA64/bin/../lib/gcc/aarch64-none-elf/15.2.0/../../../../aarch64-none-elf/lib/pic\libg.a(libc_a-ungetc.o)
                0x000000000002a520                _ungetc_r
 .text.ungetc   0x000000000002a740       0x2c C:/devkitPro/devkitA64/bin/../lib/gcc/aarch64-none-elf/15.2.0/../../../../aarch64-none-elf/lib/pic\libg.a(libc_a-ungetc.o)
                0x000000000002a740                ungetc
 *fill*         0x000000000002a76c       0x14 
 .text.fiprintf
                0x000000000002a780       0x80 C:/devkitPro/devkitA64/bin/../lib/gcc/aarch64-none-elf/15.2.0/../../../../aarch64-none-elf/lib/pic\libg.a(libc_a-fiprintf.o)
                0x000000000002a780                fiprintf
 .text.calloc   0x000000000002a800       0x2c C:/devkitPro/devkitA64/bin/../lib/gcc/aarch64-none-elf/15.2.0/../../../../aarch64-none-elf/lib/pic\libg.a(libc_a-calloc.o)
                0x000000000002a800                calloc
 *fill*         0x000000000002a82c       0x14 
 .text.aligned_alloc
                0x000000000002a840       0x2c C:/devkitPro/devkitA64/bin/../lib/gcc/aarch64-none-elf/15.2.0/../../../../aarch64-none-elf/lib/pic\libg.a(libc_a-aligned_alloc.o)
                0x000000000002a840                aligned_alloc
 *fill*         0x000000000002a86c       0x14 
 .text._memalign_r
                0x000000000002a880      0x18c C:/devkitPro/devkitA64/bin/../lib/gcc/aarch64-none-elf/15.2.0/../../../../aarch64-none-elf/lib/pic\libg.a(libc_a-malignr.o)
                0x000000000002a880                _memalign_r
 *fill*         0x000000000002aa0c       0x14 
 .text.__errno  0x000000000002aa20       0x14 C:/devkitPro/devkitA64/bin/../lib/gcc/aarch64-none-elf/15.2.0/../../../../aarch64-none-elf/lib/pic\libg.a(libc_a-errno.o)
                0x000000000002aa20                __errno
 *fill*         0x000000000002aa34        0xc 
 .text.abort    0x000000000002aa40       0x18 C:/devkitPro/devkitA64/bin/../lib/gcc/aarch64-none-elf/15.2.0/../../../../aarch64-none-elf/lib/pic\libg.a(libc_a-abort.o)
                0x000000000002aa40                abort
 *fill*         0x000000000002aa58        0x8 
 .text.__swhatbuf_r
                0x000000000002aa60       0xb0 C:/devkitPro/devkitA64/bin/../lib/gcc/aarch64-none-elf/15.2.0/../../../../aarch64-none-elf/lib/pic\libg.a(libc_a-makebuf.o)
                0x000000000002aa60                __swhatbuf_r
 *fill*         0x000000000002ab10       0x10 
 .text.__smakebuf_r
                0x000000000002ab20       0xe8 C:/devkitPro/devkitA64/bin/../lib/gcc/aarch64-none-elf/15.2.0/../../../../aarch64-none-elf/lib/pic\libg.a(libc_a-makebuf.o)
                0x000000000002ab20                __smakebuf_r
 *fill*         0x000000000002ac08       0x38 
 .text          0x000000000002ac40      0x130 C:/devkitPro/devkitA64/bin/../lib/gcc/aarch64-none-elf/15.2.0/../../../../aarch64-none-elf/lib/pic\libg.a(libc_a-strlen.o)
                0x000000000002ac40                strlen
 *fill*         0x000000000002ad70       0x10 
 .text._calloc_r
                0x000000000002ad80       0xbc C:/devkitPro/devkitA64/bin/../lib/gcc/aarch64-none-elf/15.2.0/../../../../aarch64-none-elf/lib/pic\libg.a(libc_a-callocr.o)
                0x000000000002ad80                _calloc_r
 *fill*         0x000000000002ae3c        0x4 
 .text.__sflush_r
                0x000000000002ae40      0x1ec C:/devkitPro/devkitA64/bin/../lib/gcc/aarch64-none-elf/15.2.0/../../../../aarch64-none-elf/lib/pic\libg.a(libc_a-fflush.o)
                0x000000000002ae40                __sflush_r
 *fill*         0x000000000002b02c       0x14 
 .text._fflush_r
                0x000000000002b040       0xbc C:/devkitPro/devkitA64/bin/../lib/gcc/aarch64-none-elf/15.2.0/../../../../aarch64-none-elf/lib/pic\libg.a(libc_a-fflush.o)
                0x000000000002b040                _fflush_r